Archive member included because of file (symbol)

/home/inaki/.pebble-sdk/SDKs/current/sdk-core/pebble/aplite/lib/libpebble.a(tmpsdXcKJpebble.o)
                              src/simply/simply_accel.c.17.o (accel_data_service_unsubscribe)
/home/inaki/pebble-dev/pebble-sdk-4.2-linux64/arm-cs-tools/bin/../lib/gcc/arm-none-eabi/4.7.2/thumb2/libgcc.a(_aeabi_ldivmod.o)
                              src/simply/simply_menu.c.17.o (__aeabi_ldivmod)
/home/inaki/pebble-dev/pebble-sdk-4.2-linux64/arm-cs-tools/bin/../lib/gcc/arm-none-eabi/4.7.2/thumb2/libgcc.a(bpabi.o)
                              /home/inaki/pebble-dev/pebble-sdk-4.2-linux64/arm-cs-tools/bin/../lib/gcc/arm-none-eabi/4.7.2/thumb2/libgcc.a(_aeabi_ldivmod.o) (__gnu_ldivmod_helper)
/home/inaki/pebble-dev/pebble-sdk-4.2-linux64/arm-cs-tools/bin/../lib/gcc/arm-none-eabi/4.7.2/thumb2/libgcc.a(_dvmd_tls.o)
                              /home/inaki/pebble-dev/pebble-sdk-4.2-linux64/arm-cs-tools/bin/../lib/gcc/arm-none-eabi/4.7.2/thumb2/libgcc.a(_aeabi_ldivmod.o) (__aeabi_ldiv0)
/home/inaki/pebble-dev/pebble-sdk-4.2-linux64/arm-cs-tools/bin/../lib/gcc/arm-none-eabi/4.7.2/thumb2/libgcc.a(_divdi3.o)
                              /home/inaki/pebble-dev/pebble-sdk-4.2-linux64/arm-cs-tools/bin/../lib/gcc/arm-none-eabi/4.7.2/thumb2/libgcc.a(bpabi.o) (__divdi3)
/home/inaki/pebble-dev/pebble-sdk-4.2-linux64/arm-cs-tools/bin/../lib/gcc/arm-none-eabi/4.7.2/thumb2/libgcc.a(_udivdi3.o)
                              /home/inaki/pebble-dev/pebble-sdk-4.2-linux64/arm-cs-tools/bin/../lib/gcc/arm-none-eabi/4.7.2/thumb2/libgcc.a(bpabi.o) (__udivdi3)
/home/inaki/pebble-dev/pebble-sdk-4.2-linux64/arm-cs-tools/bin/../lib/gcc/arm-none-eabi/4.7.2/thumb2/libgcc.a(_udivsi3.o)
                              /home/inaki/pebble-dev/pebble-sdk-4.2-linux64/arm-cs-tools/bin/../lib/gcc/arm-none-eabi/4.7.2/thumb2/libgcc.a(_divdi3.o) (__aeabi_uidiv)

Discarded input sections

 .text          0x0000000000000000        0x0 /home/inaki/pebble-dev/pebble-sdk-4.2-linux64/arm-cs-tools/bin/../lib/gcc/arm-none-eabi/4.7.2/thumb2/crti.o
 .bss           0x0000000000000000        0x0 /home/inaki/pebble-dev/pebble-sdk-4.2-linux64/arm-cs-tools/bin/../lib/gcc/arm-none-eabi/4.7.2/thumb2/crti.o
 .init          0x0000000000000000        0x4 /home/inaki/pebble-dev/pebble-sdk-4.2-linux64/arm-cs-tools/bin/../lib/gcc/arm-none-eabi/4.7.2/thumb2/crti.o
 .fini          0x0000000000000000        0x4 /home/inaki/pebble-dev/pebble-sdk-4.2-linux64/arm-cs-tools/bin/../lib/gcc/arm-none-eabi/4.7.2/thumb2/crti.o
 .text          0x0000000000000000       0xc8 /home/inaki/pebble-dev/pebble-sdk-4.2-linux64/arm-cs-tools/bin/../lib/gcc/arm-none-eabi/4.7.2/thumb2/crtbegin.o
 .bss           0x0000000000000000       0x1c /home/inaki/pebble-dev/pebble-sdk-4.2-linux64/arm-cs-tools/bin/../lib/gcc/arm-none-eabi/4.7.2/thumb2/crtbegin.o
 .init_array    0x0000000000000000        0x4 /home/inaki/pebble-dev/pebble-sdk-4.2-linux64/arm-cs-tools/bin/../lib/gcc/arm-none-eabi/4.7.2/thumb2/crtbegin.o
 .fini_array    0x0000000000000000        0x4 /home/inaki/pebble-dev/pebble-sdk-4.2-linux64/arm-cs-tools/bin/../lib/gcc/arm-none-eabi/4.7.2/thumb2/crtbegin.o
 .eh_frame      0x0000000000000000        0x0 /home/inaki/pebble-dev/pebble-sdk-4.2-linux64/arm-cs-tools/bin/../lib/gcc/arm-none-eabi/4.7.2/thumb2/crtbegin.o
 .jcr           0x0000000000000000        0x0 /home/inaki/pebble-dev/pebble-sdk-4.2-linux64/arm-cs-tools/bin/../lib/gcc/arm-none-eabi/4.7.2/thumb2/crtbegin.o
 .tm_clone_table
                0x0000000000000000        0x0 /home/inaki/pebble-dev/pebble-sdk-4.2-linux64/arm-cs-tools/bin/../lib/gcc/arm-none-eabi/4.7.2/thumb2/crtbegin.o
 .text          0x0000000000000000        0x0 src/main.c.17.o
 .bss           0x0000000000000000        0x0 src/main.c.17.o
 .text          0x0000000000000000        0x0 src/simply/simply.c.17.o
 .bss           0x0000000000000000        0x0 src/simply/simply.c.17.o
 .text          0x0000000000000000        0x0 src/simply/simply_accel.c.17.o
 .bss           0x0000000000000000        0x0 src/simply/simply_accel.c.17.o
 .text          0x0000000000000000        0x0 src/simply/simply_menu.c.17.o
 .bss           0x0000000000000000        0x0 src/simply/simply_menu.c.17.o
 .text          0x0000000000000000        0x0 src/simply/simply_msg.c.17.o
 .bss           0x0000000000000000        0x0 src/simply/simply_msg.c.17.o
 .text          0x0000000000000000        0x0 src/simply/simply_res.c.17.o
 .bss           0x0000000000000000        0x0 src/simply/simply_res.c.17.o
 .text.id_filter
                0x0000000000000000        0xa src/simply/simply_res.c.17.o
 .text.simply_res_remove_image
                0x0000000000000000       0x18 src/simply/simply_res.c.17.o
 .text          0x0000000000000000        0x0 src/simply/simply_splash.c.17.o
 .bss           0x0000000000000000        0x0 src/simply/simply_splash.c.17.o
 .text          0x0000000000000000        0x0 src/simply/simply_stage.c.17.o
[...]
Memory Configuration

Name             Origin             Length             Attributes
APP              0x0000000000000000 0x0000000000006000 xrw
*default*        0x0000000000000000 0xffffffffffffffff

Linker script and memory map

LOAD /home/inaki/pebble-dev/pebble-sdk-4.2-linux64/arm-cs-tools/bin/../lib/gcc/arm-none-eabi/4.7.2/thumb2/crti.o
LOAD /home/inaki/pebble-dev/pebble-sdk-4.2-linux64/arm-cs-tools/bin/../lib/gcc/arm-none-eabi/4.7.2/thumb2/crtbegin.o
LOAD src/main.c.17.o
LOAD src/simply/simply.c.17.o
LOAD src/simply/simply_accel.c.17.o
LOAD src/simply/simply_menu.c.17.o
LOAD src/simply/simply_msg.c.17.o
LOAD src/simply/simply_res.c.17.o
LOAD src/simply/simply_splash.c.17.o
LOAD src/simply/simply_stage.c.17.o
LOAD src/simply/simply_ui.c.17.o
LOAD src/simply/simply_voice.c.17.o
LOAD src/simply/simply_wakeup.c.17.o
LOAD src/simply/simply_window.c.17.o
LOAD src/simply/simply_window_stack.c.17.o
LOAD aplite/appinfo.auto.c.17.o
LOAD /home/inaki/.pebble-sdk/SDKs/current/sdk-core/pebble/aplite/lib/libpebble.a
START GROUP
LOAD /home/inaki/pebble-dev/pebble-sdk-4.2-linux64/arm-cs-tools/bin/../lib/gcc/arm-none-eabi/4.7.2/thumb2/libgcc.a
LOAD /home/inaki/pebble-dev/pebble-sdk-4.2-linux64/arm-cs-tools/bin/../lib/gcc/arm-none-eabi/4.7.2/../../../../arm-none-eabi/lib/thumb2/libc.a
END GROUP
LOAD /home/inaki/pebble-dev/pebble-sdk-4.2-linux64/arm-cs-tools/bin/../lib/gcc/arm-none-eabi/4.7.2/thumb2/crtend.o
LOAD /home/inaki/pebble-dev/pebble-sdk-4.2-linux64/arm-cs-tools/bin/../lib/gcc/arm-none-eabi/4.7.2/thumb2/crtn.o

.header         0x0000000000000000       0x82
 *(.pbl_header)
 .pbl_header    0x0000000000000000       0x82 aplite/appinfo.auto.c.17.o
                0x0000000000000000                __pbl_app_info

.note.gnu.build-id
                0x0000000000000082       0x26
                0x0000000000000082                PROVIDE (BUILD_ID, .)
 *(.note.gnu.build-id)
 *fill*         0x0000000000000082        0x2 
 .note.gnu.build-id
                0x0000000000000084       0x24 linker stubs

.text           0x00000000000000a8     0x41b3
 *(.text)
 .text          0x00000000000000a8       0x14 /home/inaki/.pebble-sdk/SDKs/current/sdk-core/pebble/aplite/lib/libpebble.a(tmpsdXcKJpebble.o)
 .text          0x00000000000000bc       0x38 /home/inaki/pebble-dev/pebble-sdk-4.2-linux64/arm-cs-tools/bin/../lib/gcc/arm-none-eabi/4.7.2/thumb2/libgcc.a(_aeabi_ldivmod.o)
                0x00000000000000bc                __aeabi_ldivmod
 .text          0x00000000000000f4       0x60 /home/inaki/pebble-dev/pebble-sdk-4.2-linux64/arm-cs-tools/bin/../lib/gcc/arm-none-eabi/4.7.2/thumb2/libgcc.a(bpabi.o)
                0x00000000000000f4                __gnu_ldivmod_helper
                0x0000000000000124                __gnu_uldivmod_helper
 .text          0x0000000000000154        0x4 /home/inaki/pebble-dev/pebble-sdk-4.2-linux64/arm-cs-tools/bin/../lib/gcc/arm-none-eabi/4.7.2/thumb2/libgcc.a(_dvmd_tls.o)
                0x0000000000000154                __aeabi_ldiv0
                0x0000000000000154                __aeabi_idiv0
 .text          0x0000000000000158      0x36c /home/inaki/pebble-dev/pebble-sdk-4.2-linux64/arm-cs-tools/bin/../lib/gcc/arm-none-eabi/4.7.2/thumb2/libgcc.a(_divdi3.o)
                0x0000000000000158                __divdi3
 .text          0x00000000000004c4      0x314 /home/inaki/pebble-dev/pebble-sdk-4.2-linux64/arm-cs-tools/bin/../lib/gcc/arm-none-eabi/4.7.2/thumb2/libgcc.a(_udivdi3.o)
                0x00000000000004c4                __udivdi3
 .text          0x00000000000007d8      0x278 /home/inaki/pebble-dev/pebble-sdk-4.2-linux64/arm-cs-tools/bin/../lib/gcc/arm-none-eabi/4.7.2/thumb2/libgcc.a(_udivsi3.o)
                0x00000000000007d8                __udivsi3
                0x00000000000007d8                __aeabi_uidiv
                0x0000000000000a34                __aeabi_uidivmod
 *(.text.*)
 .text.startup.main
                0x0000000000000a50       0x16 src/main.c.17.o
                0x0000000000000a50                main
 .text.simply_init
                0x0000000000000a66       0x60 src/simply/simply.c.17.o
                0x0000000000000a66                simply_init
 .text.simply_deinit
                0x0000000000000ac6       0x38 src/simply/simply.c.17.o
                0x0000000000000ac6                simply_deinit
 .text.handle_accel_tap
                0x0000000000000afe       0x1e src/simply/simply_accel.c.17.o
 .text.send_accel_data.isra.1
                0x0000000000000b1c       0x4a src/simply/simply_accel.c.17.o
 .text.handle_accel_data
                0x0000000000000b66        0x6 src/simply/simply_accel.c.17.o
 .text.accel_peek_timer_callback
                0x0000000000000b6c       0x40 src/simply/simply_accel.c.17.o
 .text.simply_accel_handle_packet
                0x0000000000000bac       0x6c src/simply/simply_accel.c.17.o
                0x0000000000000bac                simply_accel_handle_packet
 .text.simply_accel_create
                0x0000000000000c18       0x38 src/simply/simply_accel.c.17.o
                0x0000000000000c18                simply_accel_create
 .text.simply_accel_destroy
                0x0000000000000c50       0x20 src/simply/simply_accel.c.17.o
                0x0000000000000c50                simply_accel_destroy
 .text.list1_remove
                0x0000000000000c70       0x32 src/simply/simply_menu.c.17.o
 .text.prv_section_filter
                0x0000000000000ca2        0xc src/simply/simply_menu.c.17.o
 .text.prv_item_filter
                0x0000000000000cae       0x1a src/simply/simply_menu.c.17.o
 .text.prv_request_item_filter
                0x0000000000000cc8        0xc src/simply/simply_menu.c.17.o
 .text.prv_menu_get_num_sections_callback
                0x0000000000000cd4        0x4 src/simply/simply_menu.c.17.o
 .text.prv_free_title
                0x0000000000000cd8       0x20 src/simply/simply_menu.c.17.o
 .text.prv_destroy_section
                0x0000000000000cf8       0x20 src/simply/simply_menu.c.17.o
 .text.prv_destroy_item
                0x0000000000000d18       0x28 src/simply/simply_menu.c.17.o
 .text.prv_menu_window_unload
                0x0000000000000d40       0x1c src/simply/simply_menu.c.17.o
 .text.prv_reload_data
                0x0000000000000d5c        0xa src/simply/simply_menu.c.17.o
 .text.simply_menu_clear
                0x0000000000000d66       0x28 src/simply/simply_menu.c.17.o
 .text.prv_menu_window_disappear
                0x0000000000000d8e       0x22 src/simply/simply_menu.c.17.o
 .text.prv_menu_window_appear
                0x0000000000000db0        0xe src/simply/simply_menu.c.17.o
 .text.prv_single_click_handler
                0x0000000000000dbe       0x1a src/simply/simply_menu.c.17.o
 .text.gpoint_polar
                0x0000000000000dd8       0x34 src/simply/simply_menu.c.17.o
 .text.prv_mark_dirty
                0x0000000000000e0c       0x14 src/simply/simply_menu.c.17.o
 .text.strdup2  0x0000000000000e20       0x44 src/simply/simply_menu.c.17.o
 .text.prv_menu_window_load
                0x0000000000000e64       0xf0 src/simply/simply_menu.c.17.o
 .text.list1_find_prev.constprop.8
                0x0000000000000f54       0x1c src/simply/simply_menu.c.17.o
 .text.refresh_spinner_timer
                0x0000000000000f70       0x2c src/simply/simply_menu.c.17.o
 .text.spinner_timer_callback
                0x0000000000000f9c       0x16 src/simply/simply_menu.c.17.o
 *fill*         0x0000000000000fb2        0x2 
 .text.prv_click_config_provider
                0x0000000000000fb4       0x24 src/simply/simply_menu.c.17.o
 .text.prv_add_item
                0x0000000000000fd8       0x58 src/simply/simply_menu.c.17.o
 .text.prv_get_menu_section
                0x0000000000001030       0x10 src/simply/simply_menu.c.17.o
 .text.prv_menu_get_num_rows_callback
                0x0000000000001040       0x12 src/simply/simply_menu.c.17.o
 *fill*         0x0000000000001052        0x2 
 .text.prv_menu_get_header_height_callback
                0x0000000000001054       0x24 src/simply/simply_menu.c.17.o
 .text.prv_menu_select_long_click_callback
                0x0000000000001078       0x22 src/simply/simply_menu.c.17.o
 .text.prv_menu_select_click_callback
                0x000000000000109a       0x22 src/simply/simply_menu.c.17.o
 .text.prv_add_section
                0x00000000000010bc       0x50 src/simply/simply_menu.c.17.o
 .text.prv_request_menu_section.part.2
                0x000000000000110c       0x3e src/simply/simply_menu.c.17.o
 *fill*         0x000000000000114a        0x2 
 .text.prv_menu_draw_row_callback
                0x000000000000114c      0x274 src/simply/simply_menu.c.17.o
 .text.prv_menu_draw_header_callback
                0x00000000000013c0       0xc4 src/simply/simply_menu.c.17.o
 .text.simply_menu_handle_packet
                0x0000000000001484      0x1dc src/simply/simply_menu.c.17.o
                0x0000000000001484                simply_menu_handle_packet
 .text.simply_menu_create
                0x0000000000001660       0x3c src/simply/simply_menu.c.17.o
                0x0000000000001660                simply_menu_create
 .text.simply_menu_destroy
                0x000000000000169c       0x16 src/simply/simply_menu.c.17.o
                0x000000000000169c                simply_menu_destroy
 .text.list1_remove
                0x00000000000016b2       0x32 src/simply/simply_msg.c.17.o
 .text.dropped_callback
                0x00000000000016e4        0x2 src/simply/simply_msg.c.17.o
 .text.sent_callback
                0x00000000000016e6        0x2 src/simply/simply_msg.c.17.o
 .text.send_msg
                0x00000000000016e8       0x30 src/simply/simply_msg.c.17.o
 .text.handle_packet
                0x0000000000001718      0x18e src/simply/simply_msg.c.17.o
 *fill*         0x00000000000018a6        0x2 
 .text.received_callback
                0x00000000000018a8       0x38 src/simply/simply_msg.c.17.o
 .text.send_msg_retry
                0x00000000000018e0       0xb8 src/simply/simply_msg.c.17.o
 .text.simply_msg_has_communicated
                0x0000000000001998        0xc src/simply/simply_msg.c.17.o
                0x0000000000001998                simply_msg_has_communicated
 .text.simply_msg_show_disconnected
                0x00000000000019a4       0x58 src/simply/simply_msg.c.17.o
                0x00000000000019a4                simply_msg_show_disconnected
 .text.failed_callback
                0x00000000000019fc       0x18 src/simply/simply_msg.c.17.o
 .text.simply_msg_create
                0x0000000000001a14       0x6c src/simply/simply_msg.c.17.o
                0x0000000000001a14                simply_msg_create
 .text.simply_msg_destroy
                0x0000000000001a80       0x1c src/simply/simply_msg.c.17.o
                0x0000000000001a80                simply_msg_destroy
 .text.simply_msg_send
                0x0000000000001a9c        0x4 src/simply/simply_msg.c.17.o
                0x0000000000001a9c                simply_msg_send
 .text.simply_msg_send_packet
                0x0000000000001aa0       0x84 src/simply/simply_msg.c.17.o
                0x0000000000001aa0                simply_msg_send_packet
 .text.list1_remove
                0x0000000000001b24       0x32 src/simply/simply_res.c.17.o
 .text.destroy_image
                0x0000000000001b56       0x22 src/simply/simply_res.c.17.o
 .text.malloc0  0x0000000000001b78       0x18 src/simply/simply_res.c.17.o
 .text.window_stack_schedule_top_window_render
                0x0000000000001b90       0x12 src/simply/simply_res.c.17.o
 .text.setup_image
                0x0000000000001ba2       0x64 src/simply/simply_res.c.17.o
 .text.create_bitmap_with_png_data
                0x0000000000001c06        0xc src/simply/simply_res.c.17.o
 .text.create_bitmap_with_id
                0x0000000000001c12       0x12 src/simply/simply_res.c.17.o
 .text.simply_res_evict_image
                0x0000000000001c24       0x1a src/simply/simply_res.c.17.o
                0x0000000000001c24                simply_res_evict_image
 .text.create_image
                0x0000000000001c3e       0x48 src/simply/simply_res.c.17.o
 *fill*         0x0000000000001c86        0x2 
 .text.simply_res_add_bundled_image
                0x0000000000001c88       0x28 src/simply/simply_res.c.17.o
                0x0000000000001c88                simply_res_add_bundled_image
 .text.simply_res_add_image
                0x0000000000001cb0       0x64 src/simply/simply_res.c.17.o
                0x0000000000001cb0                simply_res_add_image
 .text.simply_res_auto_image
                0x0000000000001d14       0x42 src/simply/simply_res.c.17.o
                0x0000000000001d14                simply_res_auto_image
 .text.simply_res_add_custom_font
                0x0000000000001d56       0x40 src/simply/simply_res.c.17.o
                0x0000000000001d56                simply_res_add_custom_font
 .text.simply_res_auto_font
                0x0000000000001d96       0x2a src/simply/simply_res.c.17.o
                0x0000000000001d96                simply_res_auto_font
 .text.simply_res_clear
                0x0000000000001dc0       0x34 src/simply/simply_res.c.17.o
                0x0000000000001dc0                simply_res_clear
 .text.simply_res_create
                0x0000000000001df4       0x2a src/simply/simply_res.c.17.o
                0x0000000000001df4                simply_res_create
 .text.simply_res_destroy
                0x0000000000001e1e       0x12 src/simply/simply_res.c.17.o
                0x0000000000001e1e                simply_res_destroy
 .text.window_load
                0x0000000000001e30       0x12 src/simply/simply_splash.c.17.o
 .text.layer_update_callback
                0x0000000000001e42       0x24 src/simply/simply_splash.c.17.o
                0x0000000000001e42                layer_update_callback
 *fill*         0x0000000000001e66        0x2 
 .text.simply_splash_create
                0x0000000000001e68       0x78 src/simply/simply_splash.c.17.o
                0x0000000000001e68                simply_splash_create
 .text.simply_splash_destroy
                0x0000000000001ee0       0x20 src/simply/simply_splash.c.17.o
                0x0000000000001ee0                simply_splash_destroy
 .text.window_disappear
                0x0000000000001f00       0x1a src/simply/simply_splash.c.17.o
 .text.list1_remove
                0x0000000000001f1a       0x32 src/simply/simply_stage.c.17.o
 .text.element_frame_getter
                0x0000000000001f4c       0x10 src/simply/simply_stage.c.17.o
 .text.window_unload
                0x0000000000001f5c       0x1e src/simply/simply_stage.c.17.o
 .text.destroy_animation
                0x0000000000001f7a       0x24 src/simply/simply_stage.c.17.o
 *fill*         0x0000000000001f9e        0x2 
 .text.simply_stage_update_ticker
                0x0000000000001fa0       0x2c src/simply/simply_stage.c.17.o
 .text.simply_stage_clear
                0x0000000000001fcc       0x52 src/simply/simply_stage.c.17.o
 .text.window_disappear
                0x000000000000201e       0x22 src/simply/simply_stage.c.17.o
 .text.handle_tick
                0x0000000000002040       0x12 src/simply/simply_stage.c.17.o
 .text.simply_stage_update
                0x0000000000002052        0xa src/simply/simply_stage.c.17.o
 .text.window_appear
                0x000000000000205c       0x16 src/simply/simply_stage.c.17.o
 *fill*         0x0000000000002072        0x2 
 .text.window_load
                0x0000000000002074       0x60 src/simply/simply_stage.c.17.o
 .text.simply_stage_remove_element
                0x00000000000020d4       0x24 src/simply/simply_stage.c.17.o
 .text.simply_stage_set_element_frame.isra.12
                0x00000000000020f8       0x38 src/simply/simply_stage.c.17.o
 .text.element_frame_setter
                0x0000000000002130       0x1e src/simply/simply_stage.c.17.o
 .text.prv_draw_line_polar.constprop.15
                0x000000000000214e       0x46 src/simply/simply_stage.c.17.o
 .text.rect_element_draw.isra.6
                0x0000000000002194       0x3c src/simply/simply_stage.c.17.o
 .text.layer_update_callback
                0x00000000000021d0      0x380 src/simply/simply_stage.c.17.o
 .text.simply_stage_auto_element
                0x0000000000002550       0x84 src/simply/simply_stage.c.17.o
 .text.animation_stopped
                0x00000000000025d4       0x34 src/simply/simply_stage.c.17.o
 .text.simply_stage_handle_packet
                0x0000000000002608      0x2e8 src/simply/simply_stage.c.17.o
                0x0000000000002608                simply_stage_handle_packet
 .text.simply_stage_create
                0x00000000000028f0       0x38 src/simply/simply_stage.c.17.o
                0x00000000000028f0                simply_stage_create
 .text.simply_stage_destroy
                0x0000000000002928       0x16 src/simply/simply_stage.c.17.o
                0x0000000000002928                simply_stage_destroy
 .text.is_string
                0x000000000000293e       0x10 src/simply/simply_ui.c.17.o
 .text.window_unload
                0x000000000000294e       0x1e src/simply/simply_ui.c.17.o
 .text.window_disappear
                0x000000000000296c       0x1c src/simply/simply_ui.c.17.o
 .text.window_appear
                0x0000000000002988        0xe src/simply/simply_ui.c.17.o
 .text.graphics_draw_bitmap_centered
                0x0000000000002996       0x62 src/simply/simply_ui.c.17.o
 .text.mark_dirty
                0x00000000000029f8        0xa src/simply/simply_ui.c.17.o
 .text.show_welcome_text
                0x0000000000002a02       0x18 src/simply/simply_ui.c.17.o
 *fill*         0x0000000000002a1a        0x2 
 .text.layer_update_callback
                0x0000000000002a1c      0x4f4 src/simply/simply_ui.c.17.o
 .text.simply_ui_set_style
                0x0000000000002f10       0x3c src/simply/simply_ui.c.17.o
                0x0000000000002f10                simply_ui_set_style
 .text.window_load
                0x0000000000002f4c       0x6c src/simply/simply_ui.c.17.o
 .text.simply_ui_set_text
                0x0000000000002fb8       0x72 src/simply/simply_ui.c.17.o
                0x0000000000002fb8                simply_ui_set_text
 .text.simply_ui_set_text_color
                0x000000000000302a        0xc src/simply/simply_ui.c.17.o
                0x000000000000302a                simply_ui_set_text_color
 .text.simply_ui_clear
                0x0000000000003036       0x4a src/simply/simply_ui.c.17.o
                0x0000000000003036                simply_ui_clear
 .text.simply_ui_handle_packet
                0x0000000000003080       0x70 src/simply/simply_ui.c.17.o
                0x0000000000003080                simply_ui_handle_packet
 .text.simply_ui_create
                0x00000000000030f0       0x48 src/simply/simply_ui.c.17.o
                0x00000000000030f0                simply_ui_create
 .text.simply_ui_destroy
                0x0000000000003138       0x2a src/simply/simply_ui.c.17.o
                0x0000000000003138                simply_ui_destroy
 .text.wakeup_handler
                0x0000000000003162       0x1c src/simply/simply_wakeup.c.17.o
 .text.wakeup_set_timer_callback
                0x000000000000317e       0x20 src/simply/simply_wakeup.c.17.o
 *fill*         0x000000000000319e        0x2 
 .text.simply_wakeup_handle_packet
                0x00000000000031a0       0xac src/simply/simply_wakeup.c.17.o
                0x00000000000031a0                simply_wakeup_handle_packet
 .text.simply_wakeup_init
                0x000000000000324c        0xc src/simply/simply_wakeup.c.17.o
                0x000000000000324c                simply_wakeup_init
 .text.prv_update_layer_placement
                0x0000000000003258       0x9e src/simply/simply_window.c.17.o
 .text.simply_window_single_click_handler
                0x00000000000032f6       0x5c src/simply/simply_window.c.17.o
                0x00000000000032f6                simply_window_single_click_handler
 *fill*         0x0000000000003352        0x2 
 .text.scroll_layer_set_click_config_provider_onto_window.constprop.5
                0x0000000000003354       0x30 src/simply/simply_window.c.17.o
 .text.click_config_provider
                0x0000000000003384       0x7c src/simply/simply_window.c.17.o
 .text.long_click_handler
                0x0000000000003400       0x32 src/simply/simply_window.c.17.o
 .text.simply_window_set_scrollable
                0x0000000000003432       0x68 src/simply/simply_window.c.17.o
                0x0000000000003432                simply_window_set_scrollable
 .text.simply_window_set_status_bar
                0x000000000000349a       0x46 src/simply/simply_window.c.17.o
                0x000000000000349a                simply_window_set_status_bar
 .text.simply_window_set_background_color
                0x00000000000034e0       0x26 src/simply/simply_window.c.17.o
                0x00000000000034e0                simply_window_set_background_color
 .text.simply_window_set_status_bar_colors
                0x0000000000003506        0xa src/simply/simply_window.c.17.o
                0x0000000000003506                simply_window_set_status_bar_colors
 .text.simply_window_set_status_bar_separator_mode
                0x0000000000003510        0xa src/simply/simply_window.c.17.o
                0x0000000000003510                simply_window_set_status_bar_separator_mode
 *fill*         0x000000000000351a        0x2 
 .text.simply_window_set_action_bar
                0x000000000000351c       0x54 src/simply/simply_window.c.17.o
                0x000000000000351c                simply_window_set_action_bar
 .text.simply_window_set_action_bar_icon
                0x0000000000003570       0x58 src/simply/simply_window.c.17.o
                0x0000000000003570                simply_window_set_action_bar_icon
 .text.simply_window_set_action_bar_background_color
                0x00000000000035c8       0x38 src/simply/simply_window.c.17.o
                0x00000000000035c8                simply_window_set_action_bar_background_color
 .text.simply_window_action_bar_clear
                0x0000000000003600       0x2c src/simply/simply_window.c.17.o
                0x0000000000003600                simply_window_action_bar_clear
 .text.simply_window_preload
                0x000000000000362c       0x30 src/simply/simply_window.c.17.o
                0x000000000000362c                simply_window_preload
 .text.simply_window_load
                0x000000000000365c       0x9c src/simply/simply_window.c.17.o
                0x000000000000365c                simply_window_load
 .text.simply_window_appear
                0x00000000000036f8       0x1c src/simply/simply_window.c.17.o
                0x00000000000036f8                simply_window_appear
 .text.simply_window_disappear
                0x0000000000003714       0x1c src/simply/simply_window.c.17.o
                0x0000000000003714                simply_window_disappear
 .text.simply_window_unload
                0x0000000000003730       0x32 src/simply/simply_window.c.17.o
                0x0000000000003730                simply_window_unload
 .text.simply_window_handle_packet
                0x0000000000003762       0xc0 src/simply/simply_window.c.17.o
                0x0000000000003762                simply_window_handle_packet
 .text.simply_window_init
                0x0000000000003822       0x26 src/simply/simply_window.c.17.o
                0x0000000000003822                simply_window_init
 .text.simply_window_deinit
                0x0000000000003848       0x12 src/simply/simply_window.c.17.o
                0x0000000000003848                simply_window_deinit
 .text.show_window_sdk_3.isra.4
                0x000000000000385a       0x50 src/simply/simply_window_stack.c.17.o
 *fill*         0x00000000000038aa        0x2 
 .text.simply_window_stack_set_broadcast
                0x00000000000038ac       0x10 src/simply/simply_window_stack.c.17.o
                0x00000000000038ac                simply_window_stack_set_broadcast
 .text.simply_window_stack_get_top_window
                0x00000000000038bc       0x20 src/simply/simply_window_stack.c.17.o
                0x00000000000038bc                simply_window_stack_get_top_window
 .text.simply_window_stack_show
                0x00000000000038dc        0x4 src/simply/simply_window_stack.c.17.o
                0x00000000000038dc                simply_window_stack_show
 .text.simply_window_stack_pop
                0x00000000000038e0       0x26 src/simply/simply_window_stack.c.17.o
                0x00000000000038e0                simply_window_stack_pop
 *fill*         0x0000000000003906        0x2 
 .text.simply_window_stack_send_show
                0x0000000000003908       0x30 src/simply/simply_window_stack.c.17.o
                0x0000000000003908                simply_window_stack_send_show
 .text.simply_window_stack_send_hide
                0x0000000000003938       0x30 src/simply/simply_window_stack.c.17.o
                0x0000000000003938                simply_window_stack_send_hide
 .text.simply_window_stack_back
                0x0000000000003968       0x1a src/simply/simply_window_stack.c.17.o
                0x0000000000003968                simply_window_stack_back
 .text.simply_window_stack_handle_packet
                0x0000000000003982       0x4a src/simply/simply_window_stack.c.17.o
                0x0000000000003982                simply_window_stack_handle_packet
 .text.simply_window_stack_create
                0x00000000000039cc       0x12 src/simply/simply_window_stack.c.17.o
                0x00000000000039cc                simply_window_stack_create
 .text.simply_window_stack_destroy
                0x00000000000039de        0x8 src/simply/simply_window_stack.c.17.o
                0x00000000000039de                simply_window_stack_destroy
 *fill*         0x00000000000039e6        0x2 
 .text.accel_data_service_unsubscribe
                0x00000000000039e8        0xc /home/inaki/.pebble-sdk/SDKs/current/sdk-core/pebble/aplite/lib/libpebble.a(tmpsdXcKJpebble.o)
                0x00000000000039e8                accel_data_service_unsubscribe
 .text.accel_service_peek
                0x00000000000039f4        0xc /home/inaki/.pebble-sdk/SDKs/current/sdk-core/pebble/aplite/lib/libpebble.a(tmpsdXcKJpebble.o)
                0x00000000000039f4                accel_service_peek
 .text.accel_service_set_sampling_rate
                0x0000000000003a00        0xc /home/inaki/.pebble-sdk/SDKs/current/sdk-core/pebble/aplite/lib/libpebble.a(tmpsdXcKJpebble.o)
                0x0000000000003a00                accel_service_set_sampling_rate
 .text.accel_tap_service_subscribe
                0x0000000000003a0c        0xc /home/inaki/.pebble-sdk/SDKs/current/sdk-core/pebble/aplite/lib/libpebble.a(tmpsdXcKJpebble.o)
                0x0000000000003a0c                accel_tap_service_subscribe
 .text.accel_tap_service_unsubscribe
                0x0000000000003a18        0xc /home/inaki/.pebble-sdk/SDKs/current/sdk-core/pebble/aplite/lib/libpebble.a(tmpsdXcKJpebble.o)
                0x0000000000003a18                accel_tap_service_unsubscribe
 .text.app_event_loop
                0x0000000000003a24        0xc /home/inaki/.pebble-sdk/SDKs/current/sdk-core/pebble/aplite/lib/libpebble.a(tmpsdXcKJpebble.o)
                0x0000000000003a24                app_event_loop
 .text.app_message_deregister_callbacks
                0x0000000000003a30        0xc /home/inaki/.pebble-sdk/SDKs/current/sdk-core/pebble/aplite/lib/libpebble.a(tmpsdXcKJpebble.o)
                0x0000000000003a30                app_message_deregister_callbacks
 .text.app_message_open
                0x0000000000003a3c        0xc /home/inaki/.pebble-sdk/SDKs/current/sdk-core/pebble/aplite/lib/libpebble.a(tmpsdXcKJpebble.o)
                0x0000000000003a3c                app_message_open
 .text.app_timer_cancel
                0x0000000000003a48        0xc /home/inaki/.pebble-sdk/SDKs/current/sdk-core/pebble/aplite/lib/libpebble.a(tmpsdXcKJpebble.o)
                0x0000000000003a48                app_timer_cancel
 .text.app_timer_register
                0x0000000000003a54        0xc /home/inaki/.pebble-sdk/SDKs/current/sdk-core/pebble/aplite/lib/libpebble.a(tmpsdXcKJpebble.o)
                0x0000000000003a54                app_timer_register
 .text.click_recognizer_get_button_id
                0x0000000000003a60        0xc /home/inaki/.pebble-sdk/SDKs/current/sdk-core/pebble/aplite/lib/libpebble.a(tmpsdXcKJpebble.o)
                0x0000000000003a60                click_recognizer_get_button_id
 .text.cos_lookup
                0x0000000000003a6c        0xc /home/inaki/.pebble-sdk/SDKs/current/sdk-core/pebble/aplite/lib/libpebble.a(tmpsdXcKJpebble.o)
                0x0000000000003a6c                cos_lookup
 .text.dict_find
                0x0000000000003a78        0xc /home/inaki/.pebble-sdk/SDKs/current/sdk-core/pebble/aplite/lib/libpebble.a(tmpsdXcKJpebble.o)
                0x0000000000003a78                dict_find
 .text.dict_write_data
                0x0000000000003a84        0xc /home/inaki/.pebble-sdk/SDKs/current/sdk-core/pebble/aplite/lib/libpebble.a(tmpsdXcKJpebble.o)
                0x0000000000003a84                dict_write_data
 .text.fonts_get_system_font
                0x0000000000003a90        0xc /home/inaki/.pebble-sdk/SDKs/current/sdk-core/pebble/aplite/lib/libpebble.a(tmpsdXcKJpebble.o)
                0x0000000000003a90                fonts_get_system_font
 .text.fonts_load_custom_font
                0x0000000000003a9c        0xc /home/inaki/.pebble-sdk/SDKs/current/sdk-core/pebble/aplite/lib/libpebble.a(tmpsdXcKJpebble.o)
                0x0000000000003a9c                fonts_load_custom_font
 .text.fonts_unload_custom_font
                0x0000000000003aa8        0xc /home/inaki/.pebble-sdk/SDKs/current/sdk-core/pebble/aplite/lib/libpebble.a(tmpsdXcKJpebble.o)
                0x0000000000003aa8                fonts_unload_custom_font
 .text.free     0x0000000000003ab4        0xc /home/inaki/.pebble-sdk/SDKs/current/sdk-core/pebble/aplite/lib/libpebble.a(tmpsdXcKJpebble.o)
                0x0000000000003ab4                free
 .text.gbitmap_create_with_resource
                0x0000000000003ac0        0xc /home/inaki/.pebble-sdk/SDKs/current/sdk-core/pebble/aplite/lib/libpebble.a(tmpsdXcKJpebble.o)
                0x0000000000003ac0                gbitmap_create_with_resource
 .text.gbitmap_destroy
                0x0000000000003acc        0xc /home/inaki/.pebble-sdk/SDKs/current/sdk-core/pebble/aplite/lib/libpebble.a(tmpsdXcKJpebble.o)
                0x0000000000003acc                gbitmap_destroy
 .text.graphics_context_set_compositing_mode
                0x0000000000003ad8        0xc /home/inaki/.pebble-sdk/SDKs/current/sdk-core/pebble/aplite/lib/libpebble.a(tmpsdXcKJpebble.o)
                0x0000000000003ad8                graphics_context_set_compositing_mode
 .text.graphics_draw_bitmap_in_rect
                0x0000000000003ae4        0xc /home/inaki/.pebble-sdk/SDKs/current/sdk-core/pebble/aplite/lib/libpebble.a(tmpsdXcKJpebble.o)
                0x0000000000003ae4                graphics_draw_bitmap_in_rect
 .text.graphics_draw_circle
                0x0000000000003af0        0xc /home/inaki/.pebble-sdk/SDKs/current/sdk-core/pebble/aplite/lib/libpebble.a(tmpsdXcKJpebble.o)
                0x0000000000003af0                graphics_draw_circle
 .text.graphics_draw_line
                0x0000000000003afc        0xc /home/inaki/.pebble-sdk/SDKs/current/sdk-core/pebble/aplite/lib/libpebble.a(tmpsdXcKJpebble.o)
                0x0000000000003afc                graphics_draw_line
 .text.graphics_draw_round_rect
                0x0000000000003b08        0xc /home/inaki/.pebble-sdk/SDKs/current/sdk-core/pebble/aplite/lib/libpebble.a(tmpsdXcKJpebble.o)
                0x0000000000003b08                graphics_draw_round_rect
 .text.graphics_fill_circle
                0x0000000000003b14        0xc /home/inaki/.pebble-sdk/SDKs/current/sdk-core/pebble/aplite/lib/libpebble.a(tmpsdXcKJpebble.o)
                0x0000000000003b14                graphics_fill_circle
 .text.graphics_fill_rect
                0x0000000000003b20        0xc /home/inaki/.pebble-sdk/SDKs/current/sdk-core/pebble/aplite/lib/libpebble.a(tmpsdXcKJpebble.o)
                0x0000000000003b20                graphics_fill_rect
 .text.grect_center_point
                0x0000000000003b2c        0xc /home/inaki/.pebble-sdk/SDKs/current/sdk-core/pebble/aplite/lib/libpebble.a(tmpsdXcKJpebble.o)
                0x0000000000003b2c                grect_center_point
 .text.grect_standardize
                0x0000000000003b38        0xc /home/inaki/.pebble-sdk/SDKs/current/sdk-core/pebble/aplite/lib/libpebble.a(tmpsdXcKJpebble.o)
                0x0000000000003b38                grect_standardize
 .text.inverter_layer_create
                0x0000000000003b44        0xc /home/inaki/.pebble-sdk/SDKs/current/sdk-core/pebble/aplite/lib/libpebble.a(tmpsdXcKJpebble.o)
                0x0000000000003b44                inverter_layer_create
 .text.inverter_layer_destroy
                0x0000000000003b50        0xc /home/inaki/.pebble-sdk/SDKs/current/sdk-core/pebble/aplite/lib/libpebble.a(tmpsdXcKJpebble.o)
                0x0000000000003b50                inverter_layer_destroy
 .text.inverter_layer_get_layer
                0x0000000000003b5c        0xc /home/inaki/.pebble-sdk/SDKs/current/sdk-core/pebble/aplite/lib/libpebble.a(tmpsdXcKJpebble.o)
                0x0000000000003b5c                inverter_layer_get_layer
 .text.layer_add_child
                0x0000000000003b68        0xc /home/inaki/.pebble-sdk/SDKs/current/sdk-core/pebble/aplite/lib/libpebble.a(tmpsdXcKJpebble.o)
                0x0000000000003b68                layer_add_child
 .text.layer_create_with_data
                0x0000000000003b74        0xc /home/inaki/.pebble-sdk/SDKs/current/sdk-core/pebble/aplite/lib/libpebble.a(tmpsdXcKJpebble.o)
                0x0000000000003b74                layer_create_with_data
 .text.layer_destroy
                0x0000000000003b80        0xc /home/inaki/.pebble-sdk/SDKs/current/sdk-core/pebble/aplite/lib/libpebble.a(tmpsdXcKJpebble.o)
                0x0000000000003b80                layer_destroy
 .text.layer_get_bounds
                0x0000000000003b8c        0xc /home/inaki/.pebble-sdk/SDKs/current/sdk-core/pebble/aplite/lib/libpebble.a(tmpsdXcKJpebble.o)
                0x0000000000003b8c                layer_get_bounds
 .text.layer_get_data
                0x0000000000003b98        0xc /home/inaki/.pebble-sdk/SDKs/current/sdk-core/pebble/aplite/lib/libpebble.a(tmpsdXcKJpebble.o)
                0x0000000000003b98                layer_get_data
 .text.layer_get_frame
                0x0000000000003ba4        0xc /home/inaki/.pebble-sdk/SDKs/current/sdk-core/pebble/aplite/lib/libpebble.a(tmpsdXcKJpebble.o)
                0x0000000000003ba4                layer_get_frame
 .text.layer_get_window
                0x0000000000003bb0        0xc /home/inaki/.pebble-sdk/SDKs/current/sdk-core/pebble/aplite/lib/libpebble.a(tmpsdXcKJpebble.o)
                0x0000000000003bb0                layer_get_window
 .text.layer_mark_dirty
                0x0000000000003bbc        0xc /home/inaki/.pebble-sdk/SDKs/current/sdk-core/pebble/aplite/lib/libpebble.a(tmpsdXcKJpebble.o)
                0x0000000000003bbc                layer_mark_dirty
 .text.layer_remove_from_parent
                0x0000000000003bc8        0xc /home/inaki/.pebble-sdk/SDKs/current/sdk-core/pebble/aplite/lib/libpebble.a(tmpsdXcKJpebble.o)
                0x0000000000003bc8                layer_remove_from_parent
 .text.layer_set_frame
                0x0000000000003bd4        0xc /home/inaki/.pebble-sdk/SDKs/current/sdk-core/pebble/aplite/lib/libpebble.a(tmpsdXcKJpebble.o)
                0x0000000000003bd4                layer_set_frame
 .text.layer_set_update_proc
                0x0000000000003be0        0xc /home/inaki/.pebble-sdk/SDKs/current/sdk-core/pebble/aplite/lib/libpebble.a(tmpsdXcKJpebble.o)
                0x0000000000003be0                layer_set_update_proc
 .text.light_enable
                0x0000000000003bec        0xc /home/inaki/.pebble-sdk/SDKs/current/sdk-core/pebble/aplite/lib/libpebble.a(tmpsdXcKJpebble.o)
                0x0000000000003bec                light_enable
 .text.light_enable_interaction
                0x0000000000003bf8        0xc /home/inaki/.pebble-sdk/SDKs/current/sdk-core/pebble/aplite/lib/libpebble.a(tmpsdXcKJpebble.o)
                0x0000000000003bf8                light_enable_interaction
 .text.malloc   0x0000000000003c04        0xc /home/inaki/.pebble-sdk/SDKs/current/sdk-core/pebble/aplite/lib/libpebble.a(tmpsdXcKJpebble.o)
                0x0000000000003c04                malloc
 .text.memcpy   0x0000000000003c10        0xc /home/inaki/.pebble-sdk/SDKs/current/sdk-core/pebble/aplite/lib/libpebble.a(tmpsdXcKJpebble.o)
                0x0000000000003c10                memcpy
 .text.memset   0x0000000000003c1c        0xc /home/inaki/.pebble-sdk/SDKs/current/sdk-core/pebble/aplite/lib/libpebble.a(tmpsdXcKJpebble.o)
                0x0000000000003c1c                memset
 .text.menu_cell_basic_draw
                0x0000000000003c28        0xc /home/inaki/.pebble-sdk/SDKs/current/sdk-core/pebble/aplite/lib/libpebble.a(tmpsdXcKJpebble.o)
                0x0000000000003c28                menu_cell_basic_draw
 .text.menu_layer_destroy
                0x0000000000003c34        0xc /home/inaki/.pebble-sdk/SDKs/current/sdk-core/pebble/aplite/lib/libpebble.a(tmpsdXcKJpebble.o)
                0x0000000000003c34                menu_layer_destroy
 .text.menu_layer_get_layer
                0x0000000000003c40        0xc /home/inaki/.pebble-sdk/SDKs/current/sdk-core/pebble/aplite/lib/libpebble.a(tmpsdXcKJpebble.o)
                0x0000000000003c40                menu_layer_get_layer
 .text.menu_layer_get_selected_index
                0x0000000000003c4c        0xc /home/inaki/.pebble-sdk/SDKs/current/sdk-core/pebble/aplite/lib/libpebble.a(tmpsdXcKJpebble.o)
                0x0000000000003c4c                menu_layer_get_selected_index
 .text.menu_layer_reload_data
                0x0000000000003c58        0xc /home/inaki/.pebble-sdk/SDKs/current/sdk-core/pebble/aplite/lib/libpebble.a(tmpsdXcKJpebble.o)
                0x0000000000003c58                menu_layer_reload_data
 .text.menu_layer_set_click_config_onto_window
                0x0000000000003c64        0xc /home/inaki/.pebble-sdk/SDKs/current/sdk-core/pebble/aplite/lib/libpebble.a(tmpsdXcKJpebble.o)
                0x0000000000003c64                menu_layer_set_click_config_onto_window
 .text.menu_layer_set_selected_index
                0x0000000000003c70        0xc /home/inaki/.pebble-sdk/SDKs/current/sdk-core/pebble/aplite/lib/libpebble.a(tmpsdXcKJpebble.o)
                0x0000000000003c70                menu_layer_set_selected_index
 .text.resource_get_handle
                0x0000000000003c7c        0xc /home/inaki/.pebble-sdk/SDKs/current/sdk-core/pebble/aplite/lib/libpebble.a(tmpsdXcKJpebble.o)
                0x0000000000003c7c                resource_get_handle
 .text.scroll_layer_add_child
                0x0000000000003c88        0xc /home/inaki/.pebble-sdk/SDKs/current/sdk-core/pebble/aplite/lib/libpebble.a(tmpsdXcKJpebble.o)
                0x0000000000003c88                scroll_layer_add_child
 .text.scroll_layer_create
                0x0000000000003c94        0xc /home/inaki/.pebble-sdk/SDKs/current/sdk-core/pebble/aplite/lib/libpebble.a(tmpsdXcKJpebble.o)
                0x0000000000003c94                scroll_layer_create
 .text.scroll_layer_destroy
                0x0000000000003ca0        0xc /home/inaki/.pebble-sdk/SDKs/current/sdk-core/pebble/aplite/lib/libpebble.a(tmpsdXcKJpebble.o)
                0x0000000000003ca0                scroll_layer_destroy
 .text.scroll_layer_get_content_offset
                0x0000000000003cac        0xc /home/inaki/.pebble-sdk/SDKs/current/sdk-core/pebble/aplite/lib/libpebble.a(tmpsdXcKJpebble.o)
                0x0000000000003cac                scroll_layer_get_content_offset
 .text.scroll_layer_get_layer
                0x0000000000003cb8        0xc /home/inaki/.pebble-sdk/SDKs/current/sdk-core/pebble/aplite/lib/libpebble.a(tmpsdXcKJpebble.o)
                0x0000000000003cb8                scroll_layer_get_layer
 .text.scroll_layer_set_click_config_onto_window
                0x0000000000003cc4        0xc /home/inaki/.pebble-sdk/SDKs/current/sdk-core/pebble/aplite/lib/libpebble.a(tmpsdXcKJpebble.o)
                0x0000000000003cc4                scroll_layer_set_click_config_onto_window
 .text.scroll_layer_set_content_offset
                0x0000000000003cd0        0xc /home/inaki/.pebble-sdk/SDKs/current/sdk-core/pebble/aplite/lib/libpebble.a(tmpsdXcKJpebble.o)
                0x0000000000003cd0                scroll_layer_set_content_offset
 .text.scroll_layer_set_content_size
                0x0000000000003cdc        0xc /home/inaki/.pebble-sdk/SDKs/current/sdk-core/pebble/aplite/lib/libpebble.a(tmpsdXcKJpebble.o)
                0x0000000000003cdc                scroll_layer_set_content_size
 .text.scroll_layer_set_context
                0x0000000000003ce8        0xc /home/inaki/.pebble-sdk/SDKs/current/sdk-core/pebble/aplite/lib/libpebble.a(tmpsdXcKJpebble.o)
                0x0000000000003ce8                scroll_layer_set_context
 .text.scroll_layer_set_shadow_hidden
                0x0000000000003cf4        0xc /home/inaki/.pebble-sdk/SDKs/current/sdk-core/pebble/aplite/lib/libpebble.a(tmpsdXcKJpebble.o)
                0x0000000000003cf4                scroll_layer_set_shadow_hidden
 .text.sin_lookup
                0x0000000000003d00        0xc /home/inaki/.pebble-sdk/SDKs/current/sdk-core/pebble/aplite/lib/libpebble.a(tmpsdXcKJpebble.o)
                0x0000000000003d00                sin_lookup
 .text.strftime
                0x0000000000003d0c        0xc /home/inaki/.pebble-sdk/SDKs/current/sdk-core/pebble/aplite/lib/libpebble.a(tmpsdXcKJpebble.o)
                0x0000000000003d0c                strftime
 .text.strlen   0x0000000000003d18        0xc /home/inaki/.pebble-sdk/SDKs/current/sdk-core/pebble/aplite/lib/libpebble.a(tmpsdXcKJpebble.o)
                0x0000000000003d18                strlen
 .text.strncpy  0x0000000000003d24        0xc /home/inaki/.pebble-sdk/SDKs/current/sdk-core/pebble/aplite/lib/libpebble.a(tmpsdXcKJpebble.o)
                0x0000000000003d24                strncpy
 .text.tick_timer_service_subscribe
                0x0000000000003d30        0xc /home/inaki/.pebble-sdk/SDKs/current/sdk-core/pebble/aplite/lib/libpebble.a(tmpsdXcKJpebble.o)
                0x0000000000003d30                tick_timer_service_subscribe
 .text.tick_timer_service_unsubscribe
                0x0000000000003d3c        0xc /home/inaki/.pebble-sdk/SDKs/current/sdk-core/pebble/aplite/lib/libpebble.a(tmpsdXcKJpebble.o)
                0x0000000000003d3c                tick_timer_service_unsubscribe
 .text.vibes_double_pulse
                0x0000000000003d48        0xc /home/inaki/.pebble-sdk/SDKs/current/sdk-core/pebble/aplite/lib/libpebble.a(tmpsdXcKJpebble.o)
                0x0000000000003d48                vibes_double_pulse
 .text.vibes_long_pulse
                0x0000000000003d54        0xc /home/inaki/.pebble-sdk/SDKs/current/sdk-core/pebble/aplite/lib/libpebble.a(tmpsdXcKJpebble.o)
                0x0000000000003d54                vibes_long_pulse
 .text.vibes_short_pulse
                0x0000000000003d60        0xc /home/inaki/.pebble-sdk/SDKs/current/sdk-core/pebble/aplite/lib/libpebble.a(tmpsdXcKJpebble.o)
                0x0000000000003d60                vibes_short_pulse
 .text.window_create
                0x0000000000003d6c        0xc /home/inaki/.pebble-sdk/SDKs/current/sdk-core/pebble/aplite/lib/libpebble.a(tmpsdXcKJpebble.o)
                0x0000000000003d6c                window_create
 .text.window_destroy
                0x0000000000003d78        0xc /home/inaki/.pebble-sdk/SDKs/current/sdk-core/pebble/aplite/lib/libpebble.a(tmpsdXcKJpebble.o)
                0x0000000000003d78                window_destroy
 .text.window_get_click_config_provider
                0x0000000000003d84        0xc /home/inaki/.pebble-sdk/SDKs/current/sdk-core/pebble/aplite/lib/libpebble.a(tmpsdXcKJpebble.o)
                0x0000000000003d84                window_get_click_config_provider
 .text.window_get_root_layer
                0x0000000000003d90        0xc /home/inaki/.pebble-sdk/SDKs/current/sdk-core/pebble/aplite/lib/libpebble.a(tmpsdXcKJpebble.o)
                0x0000000000003d90                window_get_root_layer
 .text.window_set_click_config_provider_with_context
                0x0000000000003d9c        0xc /home/inaki/.pebble-sdk/SDKs/current/sdk-core/pebble/aplite/lib/libpebble.a(tmpsdXcKJpebble.o)
                0x0000000000003d9c                window_set_click_config_provider_with_context
 .text.window_set_window_handlers
                0x0000000000003da8        0xc /home/inaki/.pebble-sdk/SDKs/current/sdk-core/pebble/aplite/lib/libpebble.a(tmpsdXcKJpebble.o)
                0x0000000000003da8                window_set_window_handlers
 .text.window_stack_get_top_window
                0x0000000000003db4        0xc /home/inaki/.pebble-sdk/SDKs/current/sdk-core/pebble/aplite/lib/libpebble.a(tmpsdXcKJpebble.o)
                0x0000000000003db4                window_stack_get_top_window
 .text.window_stack_pop
                0x0000000000003dc0        0xc /home/inaki/.pebble-sdk/SDKs/current/sdk-core/pebble/aplite/lib/libpebble.a(tmpsdXcKJpebble.o)
                0x0000000000003dc0                window_stack_pop
 .text.window_stack_pop_all
                0x0000000000003dcc        0xc /home/inaki/.pebble-sdk/SDKs/current/sdk-core/pebble/aplite/lib/libpebble.a(tmpsdXcKJpebble.o)
                0x0000000000003dcc                window_stack_pop_all
 .text.window_stack_push
                0x0000000000003dd8        0xc /home/inaki/.pebble-sdk/SDKs/current/sdk-core/pebble/aplite/lib/libpebble.a(tmpsdXcKJpebble.o)
                0x0000000000003dd8                window_stack_push
 .text.window_stack_remove
                0x0000000000003de4        0xc /home/inaki/.pebble-sdk/SDKs/current/sdk-core/pebble/aplite/lib/libpebble.a(tmpsdXcKJpebble.o)
                0x0000000000003de4                window_stack_remove
 .text.window_get_user_data
                0x0000000000003df0        0xc /home/inaki/.pebble-sdk/SDKs/current/sdk-core/pebble/aplite/lib/libpebble.a(tmpsdXcKJpebble.o)
                0x0000000000003df0                window_get_user_data
 .text.window_set_user_data
                0x0000000000003dfc        0xc /home/inaki/.pebble-sdk/SDKs/current/sdk-core/pebble/aplite/lib/libpebble.a(tmpsdXcKJpebble.o)
                0x0000000000003dfc                window_set_user_data
 .text.app_message_outbox_begin
                0x0000000000003e08        0xc /home/inaki/.pebble-sdk/SDKs/current/sdk-core/pebble/aplite/lib/libpebble.a(tmpsdXcKJpebble.o)
                0x0000000000003e08                app_message_outbox_begin
 .text.app_message_outbox_send
                0x0000000000003e14        0xc /home/inaki/.pebble-sdk/SDKs/current/sdk-core/pebble/aplite/lib/libpebble.a(tmpsdXcKJpebble.o)
                0x0000000000003e14                app_message_outbox_send
 .text.app_message_register_inbox_dropped
                0x0000000000003e20        0xc /home/inaki/.pebble-sdk/SDKs/current/sdk-core/pebble/aplite/lib/libpebble.a(tmpsdXcKJpebble.o)
                0x0000000000003e20                app_message_register_inbox_dropped
 .text.app_message_register_inbox_received
                0x0000000000003e2c        0xc /home/inaki/.pebble-sdk/SDKs/current/sdk-core/pebble/aplite/lib/libpebble.a(tmpsdXcKJpebble.o)
                0x0000000000003e2c                app_message_register_inbox_received
 .text.app_message_register_outbox_failed
                0x0000000000003e38        0xc /home/inaki/.pebble-sdk/SDKs/current/sdk-core/pebble/aplite/lib/libpebble.a(tmpsdXcKJpebble.o)
                0x0000000000003e38                app_message_register_outbox_failed
 .text.app_message_register_outbox_sent
                0x0000000000003e44        0xc /home/inaki/.pebble-sdk/SDKs/current/sdk-core/pebble/aplite/lib/libpebble.a(tmpsdXcKJpebble.o)
                0x0000000000003e44                app_message_register_outbox_sent
 .text.app_message_set_context
                0x0000000000003e50        0xc /home/inaki/.pebble-sdk/SDKs/current/sdk-core/pebble/aplite/lib/libpebble.a(tmpsdXcKJpebble.o)
                0x0000000000003e50                app_message_set_context
 .text.window_long_click_subscribe
                0x0000000000003e5c        0xc /home/inaki/.pebble-sdk/SDKs/current/sdk-core/pebble/aplite/lib/libpebble.a(tmpsdXcKJpebble.o)
                0x0000000000003e5c                window_long_click_subscribe
 .text.window_set_click_context
                0x0000000000003e68        0xc /home/inaki/.pebble-sdk/SDKs/current/sdk-core/pebble/aplite/lib/libpebble.a(tmpsdXcKJpebble.o)
                0x0000000000003e68                window_set_click_context
 .text.window_single_click_subscribe
                0x0000000000003e74        0xc /home/inaki/.pebble-sdk/SDKs/current/sdk-core/pebble/aplite/lib/libpebble.a(tmpsdXcKJpebble.o)
                0x0000000000003e74                window_single_click_subscribe
 .text.graphics_draw_text
                0x0000000000003e80        0xc /home/inaki/.pebble-sdk/SDKs/current/sdk-core/pebble/aplite/lib/libpebble.a(tmpsdXcKJpebble.o)
                0x0000000000003e80                graphics_draw_text
 .text.accel_data_service_subscribe
                0x0000000000003e8c        0xc /home/inaki/.pebble-sdk/SDKs/current/sdk-core/pebble/aplite/lib/libpebble.a(tmpsdXcKJpebble.o)
                0x0000000000003e8c                accel_data_service_subscribe
 .text.launch_reason
                0x0000000000003e98        0xc /home/inaki/.pebble-sdk/SDKs/current/sdk-core/pebble/aplite/lib/libpebble.a(tmpsdXcKJpebble.o)
                0x0000000000003e98                launch_reason
 .text.wakeup_cancel
                0x0000000000003ea4        0xc /home/inaki/.pebble-sdk/SDKs/current/sdk-core/pebble/aplite/lib/libpebble.a(tmpsdXcKJpebble.o)
                0x0000000000003ea4                wakeup_cancel
 .text.wakeup_cancel_all
                0x0000000000003eb0        0xc /home/inaki/.pebble-sdk/SDKs/current/sdk-core/pebble/aplite/lib/libpebble.a(tmpsdXcKJpebble.o)
                0x0000000000003eb0                wakeup_cancel_all
 .text.wakeup_get_launch_event
                0x0000000000003ebc        0xc /home/inaki/.pebble-sdk/SDKs/current/sdk-core/pebble/aplite/lib/libpebble.a(tmpsdXcKJpebble.o)
                0x0000000000003ebc                wakeup_get_launch_event
 .text.wakeup_schedule
                0x0000000000003ec8        0xc /home/inaki/.pebble-sdk/SDKs/current/sdk-core/pebble/aplite/lib/libpebble.a(tmpsdXcKJpebble.o)
                0x0000000000003ec8                wakeup_schedule
 .text.wakeup_service_subscribe
                0x0000000000003ed4        0xc /home/inaki/.pebble-sdk/SDKs/current/sdk-core/pebble/aplite/lib/libpebble.a(tmpsdXcKJpebble.o)
                0x0000000000003ed4                wakeup_service_subscribe
 .text.clock_is_timezone_set
                0x0000000000003ee0        0xc /home/inaki/.pebble-sdk/SDKs/current/sdk-core/pebble/aplite/lib/libpebble.a(tmpsdXcKJpebble.o)
                0x0000000000003ee0                clock_is_timezone_set
 .text.graphics_context_set_fill_color
                0x0000000000003eec        0xc /home/inaki/.pebble-sdk/SDKs/current/sdk-core/pebble/aplite/lib/libpebble.a(tmpsdXcKJpebble.o)
                0x0000000000003eec                graphics_context_set_fill_color
 .text.graphics_context_set_stroke_color
                0x0000000000003ef8        0xc /home/inaki/.pebble-sdk/SDKs/current/sdk-core/pebble/aplite/lib/libpebble.a(tmpsdXcKJpebble.o)
                0x0000000000003ef8                graphics_context_set_stroke_color
 .text.graphics_context_set_text_color
                0x0000000000003f04        0xc /home/inaki/.pebble-sdk/SDKs/current/sdk-core/pebble/aplite/lib/libpebble.a(tmpsdXcKJpebble.o)
                0x0000000000003f04                graphics_context_set_text_color
 .text.window_set_background_color
                0x0000000000003f10        0xc /home/inaki/.pebble-sdk/SDKs/current/sdk-core/pebble/aplite/lib/libpebble.a(tmpsdXcKJpebble.o)
                0x0000000000003f10                window_set_background_color
 .text.localtime
                0x0000000000003f1c        0xc /home/inaki/.pebble-sdk/SDKs/current/sdk-core/pebble/aplite/lib/libpebble.a(tmpsdXcKJpebble.o)
                0x0000000000003f1c                localtime
 .text.animation_destroy
                0x0000000000003f28        0xc /home/inaki/.pebble-sdk/SDKs/current/sdk-core/pebble/aplite/lib/libpebble.a(tmpsdXcKJpebble.o)
                0x0000000000003f28                animation_destroy
 .text.animation_schedule
                0x0000000000003f34        0xc /home/inaki/.pebble-sdk/SDKs/current/sdk-core/pebble/aplite/lib/libpebble.a(tmpsdXcKJpebble.o)
                0x0000000000003f34                animation_schedule
 .text.animation_set_curve
                0x0000000000003f40        0xc /home/inaki/.pebble-sdk/SDKs/current/sdk-core/pebble/aplite/lib/libpebble.a(tmpsdXcKJpebble.o)
                0x0000000000003f40                animation_set_curve
 .text.animation_set_duration
                0x0000000000003f4c        0xc /home/inaki/.pebble-sdk/SDKs/current/sdk-core/pebble/aplite/lib/libpebble.a(tmpsdXcKJpebble.o)
                0x0000000000003f4c                animation_set_duration
 .text.animation_set_handlers
                0x0000000000003f58        0xc /home/inaki/.pebble-sdk/SDKs/current/sdk-core/pebble/aplite/lib/libpebble.a(tmpsdXcKJpebble.o)
                0x0000000000003f58                animation_set_handlers
 .text.animation_unschedule
                0x0000000000003f64        0xc /home/inaki/.pebble-sdk/SDKs/current/sdk-core/pebble/aplite/lib/libpebble.a(tmpsdXcKJpebble.o)
                0x0000000000003f64                animation_unschedule
 .text.property_animation_create
                0x0000000000003f70        0xc /home/inaki/.pebble-sdk/SDKs/current/sdk-core/pebble/aplite/lib/libpebble.a(tmpsdXcKJpebble.o)
                0x0000000000003f70                property_animation_create
 .text.property_animation_destroy
                0x0000000000003f7c        0xc /home/inaki/.pebble-sdk/SDKs/current/sdk-core/pebble/aplite/lib/libpebble.a(tmpsdXcKJpebble.o)
                0x0000000000003f7c                property_animation_destroy
 .text.property_animation_from
                0x0000000000003f88        0xc /home/inaki/.pebble-sdk/SDKs/current/sdk-core/pebble/aplite/lib/libpebble.a(tmpsdXcKJpebble.o)
                0x0000000000003f88                property_animation_from
 .text.property_animation_to
                0x0000000000003f94        0xc /home/inaki/.pebble-sdk/SDKs/current/sdk-core/pebble/aplite/lib/libpebble.a(tmpsdXcKJpebble.o)
                0x0000000000003f94                property_animation_to
 .text.property_animation_update_grect
                0x0000000000003fa0        0xc /home/inaki/.pebble-sdk/SDKs/current/sdk-core/pebble/aplite/lib/libpebble.a(tmpsdXcKJpebble.o)
                0x0000000000003fa0                property_animation_update_grect
 .text.gbitmap_get_bounds
                0x0000000000003fac        0xc /home/inaki/.pebble-sdk/SDKs/current/sdk-core/pebble/aplite/lib/libpebble.a(tmpsdXcKJpebble.o)
                0x0000000000003fac                gbitmap_get_bounds
 .text.gbitmap_get_format
                0x0000000000003fb8        0xc /home/inaki/.pebble-sdk/SDKs/current/sdk-core/pebble/aplite/lib/libpebble.a(tmpsdXcKJpebble.o)
                0x0000000000003fb8                gbitmap_get_format
 .text.gbitmap_get_palette
                0x0000000000003fc4        0xc /home/inaki/.pebble-sdk/SDKs/current/sdk-core/pebble/aplite/lib/libpebble.a(tmpsdXcKJpebble.o)
                0x0000000000003fc4                gbitmap_get_palette
 .text.gbitmap_set_palette
                0x0000000000003fd0        0xc /home/inaki/.pebble-sdk/SDKs/current/sdk-core/pebble/aplite/lib/libpebble.a(tmpsdXcKJpebble.o)
                0x0000000000003fd0                gbitmap_set_palette
 .text.gbitmap_create_from_png_data
                0x0000000000003fdc        0xc /home/inaki/.pebble-sdk/SDKs/current/sdk-core/pebble/aplite/lib/libpebble.a(tmpsdXcKJpebble.o)
                0x0000000000003fdc                gbitmap_create_from_png_data
 .text.launch_get_args
                0x0000000000003fe8        0xc /home/inaki/.pebble-sdk/SDKs/current/sdk-core/pebble/aplite/lib/libpebble.a(tmpsdXcKJpebble.o)
                0x0000000000003fe8                launch_get_args
 .text.menu_layer_create
                0x0000000000003ff4        0xc /home/inaki/.pebble-sdk/SDKs/current/sdk-core/pebble/aplite/lib/libpebble.a(tmpsdXcKJpebble.o)
                0x0000000000003ff4                menu_layer_create
 .text.graphics_context_set_antialiased
                0x0000000000004000        0xc /home/inaki/.pebble-sdk/SDKs/current/sdk-core/pebble/aplite/lib/libpebble.a(tmpsdXcKJpebble.o)
                0x0000000000004000                graphics_context_set_antialiased
 .text.graphics_context_set_stroke_width
                0x000000000000400c        0xc /home/inaki/.pebble-sdk/SDKs/current/sdk-core/pebble/aplite/lib/libpebble.a(tmpsdXcKJpebble.o)
                0x000000000000400c                graphics_context_set_stroke_width
 .text.action_bar_layer_add_to_window
                0x0000000000004018        0xc /home/inaki/.pebble-sdk/SDKs/current/sdk-core/pebble/aplite/lib/libpebble.a(tmpsdXcKJpebble.o)
                0x0000000000004018                action_bar_layer_add_to_window
 .text.action_bar_layer_clear_icon
                0x0000000000004024        0xc /home/inaki/.pebble-sdk/SDKs/current/sdk-core/pebble/aplite/lib/libpebble.a(tmpsdXcKJpebble.o)
                0x0000000000004024                action_bar_layer_clear_icon
 .text.action_bar_layer_create
                0x0000000000004030        0xc /home/inaki/.pebble-sdk/SDKs/current/sdk-core/pebble/aplite/lib/libpebble.a(tmpsdXcKJpebble.o)
                0x0000000000004030                action_bar_layer_create
 .text.action_bar_layer_destroy
                0x000000000000403c        0xc /home/inaki/.pebble-sdk/SDKs/current/sdk-core/pebble/aplite/lib/libpebble.a(tmpsdXcKJpebble.o)
                0x000000000000403c                action_bar_layer_destroy
 .text.action_bar_layer_get_layer
                0x0000000000004048        0xc /home/inaki/.pebble-sdk/SDKs/current/sdk-core/pebble/aplite/lib/libpebble.a(tmpsdXcKJpebble.o)
                0x0000000000004048                action_bar_layer_get_layer
 .text.action_bar_layer_remove_from_window
                0x0000000000004054        0xc /home/inaki/.pebble-sdk/SDKs/current/sdk-core/pebble/aplite/lib/libpebble.a(tmpsdXcKJpebble.o)
                0x0000000000004054                action_bar_layer_remove_from_window
 .text.action_bar_layer_set_background_color
                0x0000000000004060        0xc /home/inaki/.pebble-sdk/SDKs/current/sdk-core/pebble/aplite/lib/libpebble.a(tmpsdXcKJpebble.o)
                0x0000000000004060                action_bar_layer_set_background_color
 .text.action_bar_layer_set_click_config_provider
                0x000000000000406c        0xc /home/inaki/.pebble-sdk/SDKs/current/sdk-core/pebble/aplite/lib/libpebble.a(tmpsdXcKJpebble.o)
                0x000000000000406c                action_bar_layer_set_click_config_provider
 .text.action_bar_layer_set_context
                0x0000000000004078        0xc /home/inaki/.pebble-sdk/SDKs/current/sdk-core/pebble/aplite/lib/libpebble.a(tmpsdXcKJpebble.o)
                0x0000000000004078                action_bar_layer_set_context
 .text.action_bar_layer_set_icon
                0x0000000000004084        0xc /home/inaki/.pebble-sdk/SDKs/current/sdk-core/pebble/aplite/lib/libpebble.a(tmpsdXcKJpebble.o)
                0x0000000000004084                action_bar_layer_set_icon
 .text.menu_cell_layer_is_highlighted
                0x0000000000004090        0xc /home/inaki/.pebble-sdk/SDKs/current/sdk-core/pebble/aplite/lib/libpebble.a(tmpsdXcKJpebble.o)
                0x0000000000004090                menu_cell_layer_is_highlighted
 .text.time     0x000000000000409c        0xc /home/inaki/.pebble-sdk/SDKs/current/sdk-core/pebble/aplite/lib/libpebble.a(tmpsdXcKJpebble.o)
                0x000000000000409c                time
 .text.menu_layer_set_highlight_colors
                0x00000000000040a8        0xc /home/inaki/.pebble-sdk/SDKs/current/sdk-core/pebble/aplite/lib/libpebble.a(tmpsdXcKJpebble.o)
                0x00000000000040a8                menu_layer_set_highlight_colors
 .text.menu_layer_set_normal_colors
                0x00000000000040b4        0xc /home/inaki/.pebble-sdk/SDKs/current/sdk-core/pebble/aplite/lib/libpebble.a(tmpsdXcKJpebble.o)
                0x00000000000040b4                menu_layer_set_normal_colors
 .text.menu_layer_set_callbacks
                0x00000000000040c0        0xc /home/inaki/.pebble-sdk/SDKs/current/sdk-core/pebble/aplite/lib/libpebble.a(tmpsdXcKJpebble.o)
                0x00000000000040c0                menu_layer_set_callbacks
 .text.status_bar_layer_create
                0x00000000000040cc        0xc /home/inaki/.pebble-sdk/SDKs/current/sdk-core/pebble/aplite/lib/libpebble.a(tmpsdXcKJpebble.o)
                0x00000000000040cc                status_bar_layer_create
 .text.status_bar_layer_destroy
                0x00000000000040d8        0xc /home/inaki/.pebble-sdk/SDKs/current/sdk-core/pebble/aplite/lib/libpebble.a(tmpsdXcKJpebble.o)
                0x00000000000040d8                status_bar_layer_destroy
 .text.status_bar_layer_get_layer
                0x00000000000040e4        0xc /home/inaki/.pebble-sdk/SDKs/current/sdk-core/pebble/aplite/lib/libpebble.a(tmpsdXcKJpebble.o)
                0x00000000000040e4                status_bar_layer_get_layer
 .text.status_bar_layer_set_colors
                0x00000000000040f0        0xc /home/inaki/.pebble-sdk/SDKs/current/sdk-core/pebble/aplite/lib/libpebble.a(tmpsdXcKJpebble.o)
                0x00000000000040f0                status_bar_layer_set_colors
 .text.status_bar_layer_set_separator_mode
                0x00000000000040fc        0xc /home/inaki/.pebble-sdk/SDKs/current/sdk-core/pebble/aplite/lib/libpebble.a(tmpsdXcKJpebble.o)
                0x00000000000040fc                status_bar_layer_set_separator_mode
 .text.time_ms  0x0000000000004108        0xc /home/inaki/.pebble-sdk/SDKs/current/sdk-core/pebble/aplite/lib/libpebble.a(tmpsdXcKJpebble.o)
                0x0000000000004108                time_ms
 .text.gcolor_legible_over
                0x0000000000004114        0xc /home/inaki/.pebble-sdk/SDKs/current/sdk-core/pebble/aplite/lib/libpebble.a(tmpsdXcKJpebble.o)
                0x0000000000004114                gcolor_legible_over
 .text.grect_inset
                0x0000000000004120        0xc /home/inaki/.pebble-sdk/SDKs/current/sdk-core/pebble/aplite/lib/libpebble.a(tmpsdXcKJpebble.o)
                0x0000000000004120                grect_inset
 .text.gpoint_from_polar
                0x000000000000412c        0xc /home/inaki/.pebble-sdk/SDKs/current/sdk-core/pebble/aplite/lib/libpebble.a(tmpsdXcKJpebble.o)
                0x000000000000412c                gpoint_from_polar
 .text.graphics_draw_arc
                0x0000000000004138        0xc /home/inaki/.pebble-sdk/SDKs/current/sdk-core/pebble/aplite/lib/libpebble.a(tmpsdXcKJpebble.o)
                0x0000000000004138                graphics_draw_arc
 .text.graphics_fill_radial
                0x0000000000004144        0xc /home/inaki/.pebble-sdk/SDKs/current/sdk-core/pebble/aplite/lib/libpebble.a(tmpsdXcKJpebble.o)
                0x0000000000004144                graphics_fill_radial
 .text.graphics_text_attributes_create
                0x0000000000004150        0xc /home/inaki/.pebble-sdk/SDKs/current/sdk-core/pebble/aplite/lib/libpebble.a(tmpsdXcKJpebble.o)
                0x0000000000004150                graphics_text_attributes_create
 .text.graphics_text_attributes_destroy
                0x000000000000415c        0xc /home/inaki/.pebble-sdk/SDKs/current/sdk-core/pebble/aplite/lib/libpebble.a(tmpsdXcKJpebble.o)
                0x000000000000415c                graphics_text_attributes_destroy
 .text.graphics_text_layout_get_content_size_with_attributes
                0x0000000000004168        0xc /home/inaki/.pebble-sdk/SDKs/current/sdk-core/pebble/aplite/lib/libpebble.a(tmpsdXcKJpebble.o)
                0x0000000000004168                graphics_text_layout_get_content_size_with_attributes
 .text.scroll_layer_set_paging
                0x0000000000004174        0xc /home/inaki/.pebble-sdk/SDKs/current/sdk-core/pebble/aplite/lib/libpebble.a(tmpsdXcKJpebble.o)
                0x0000000000004174                scroll_layer_set_paging
 *(.rodata)
 *(.rodata*)
 .rodata.str1.1
                0x0000000000004180       0x1b src/simply/simply_menu.c.17.o
                                         0x1c (size before relaxing)
 .rodata.str1.1
                0x000000000000419b       0x26 src/simply/simply_msg.c.17.o
 .rodata.str1.1
                0x00000000000041c1       0x16 src/simply/simply_stage.c.17.o
 .rodata.CSWTCH.22
                0x00000000000041d7        0x7 src/simply/simply_stage.c.17.o
 .rodata.str1.1
                0x00000000000041de       0x7d src/simply/simply_ui.c.17.o

.glue_7         0x000000000000425c        0x0
 .glue_7        0x0000000000000000        0x0 linker stubs

.glue_7t        0x000000000000425c        0x0
 .glue_7t       0x0000000000000000        0x0 linker stubs

.vfp11_veneer   0x000000000000425c        0x0
 .vfp11_veneer  0x0000000000000000        0x0 linker stubs

.v4_bx          0x000000000000425c        0x0
 .v4_bx         0x0000000000000000        0x0 linker stubs

.iplt           0x000000000000425c        0x0
 .iplt          0x0000000000000000        0x0 /home/inaki/pebble-dev/pebble-sdk-4.2-linux64/arm-cs-tools/bin/../lib/gcc/arm-none-eabi/4.7.2/thumb2/crtbegin.o

.rel.dyn        0x000000000000425c        0x0
 .rel.iplt      0x0000000000000000        0x0 /home/inaki/pebble-dev/pebble-sdk-4.2-linux64/arm-cs-tools/bin/../lib/gcc/arm-none-eabi/4.7.2/thumb2/crtbegin.o

.ARM.exidx      0x000000000000425c        0x8
 .ARM.exidx     0x000000000000425c        0x8 /home/inaki/pebble-dev/pebble-sdk-4.2-linux64/arm-cs-tools/bin/../lib/gcc/arm-none-eabi/4.7.2/thumb2/libgcc.a(_divdi3.o)
 .ARM.exidx     0x0000000000004264        0x0 /home/inaki/pebble-dev/pebble-sdk-4.2-linux64/arm-cs-tools/bin/../lib/gcc/arm-none-eabi/4.7.2/thumb2/libgcc.a(_udivdi3.o)
                                          0x8 (size before relaxing)

.data           0x0000000000004264       0xae
 *(.data)
 .data          0x0000000000004264        0x0 /home/inaki/pebble-dev/pebble-sdk-4.2-linux64/arm-cs-tools/bin/../lib/gcc/arm-none-eabi/4.7.2/thumb2/crti.o
 .data          0x0000000000004264        0x4 /home/inaki/pebble-dev/pebble-sdk-4.2-linux64/arm-cs-tools/bin/../lib/gcc/arm-none-eabi/4.7.2/thumb2/crtbegin.o
                0x0000000000004264                __dso_handle
 .data          0x0000000000004268        0x0 src/main.c.17.o
 .data          0x0000000000004268        0x0 src/simply/simply.c.17.o
 .data          0x0000000000004268        0x0 src/simply/simply_accel.c.17.o
 .data          0x0000000000004268        0x0 src/simply/simply_menu.c.17.o
 .data          0x0000000000004268        0x0 src/simply/simply_msg.c.17.o
 .data          0x0000000000004268        0x0 src/simply/simply_res.c.17.o
 .data          0x0000000000004268        0x0 src/simply/simply_splash.c.17.o
 .data          0x0000000000004268        0x0 src/simply/simply_stage.c.17.o
 .data          0x0000000000004268        0x0 src/simply/simply_ui.c.17.o
 .data          0x0000000000004268        0x0 src/simply/simply_voice.c.17.o
 .data          0x0000000000004268        0x0 src/simply/simply_wakeup.c.17.o
 .data          0x0000000000004268        0x0 src/simply/simply_window.c.17.o
 .data          0x0000000000004268        0x0 src/simply/simply_window_stack.c.17.o
 .data          0x0000000000004268        0x0 aplite/appinfo.auto.c.17.o
 .data          0x0000000000004268        0x0 /home/inaki/.pebble-sdk/SDKs/current/sdk-core/pebble/aplite/lib/libpebble.a(tmpsdXcKJpebble.o)
 .data          0x0000000000004268        0x0 /home/inaki/pebble-dev/pebble-sdk-4.2-linux64/arm-cs-tools/bin/../lib/gcc/arm-none-eabi/4.7.2/thumb2/libgcc.a(_aeabi_ldivmod.o)
 .data          0x0000000000004268        0x0 /home/inaki/pebble-dev/pebble-sdk-4.2-linux64/arm-cs-tools/bin/../lib/gcc/arm-none-eabi/4.7.2/thumb2/libgcc.a(bpabi.o)
 .data          0x0000000000004268        0x0 /home/inaki/pebble-dev/pebble-sdk-4.2-linux64/arm-cs-tools/bin/../lib/gcc/arm-none-eabi/4.7.2/thumb2/libgcc.a(_dvmd_tls.o)
 .data          0x0000000000004268        0x0 /home/inaki/pebble-dev/pebble-sdk-4.2-linux64/arm-cs-tools/bin/../lib/gcc/arm-none-eabi/4.7.2/thumb2/libgcc.a(_divdi3.o)
 .data          0x0000000000004268        0x0 /home/inaki/pebble-dev/pebble-sdk-4.2-linux64/arm-cs-tools/bin/../lib/gcc/arm-none-eabi/4.7.2/thumb2/libgcc.a(_udivdi3.o)
 .data          0x0000000000004268        0x0 /home/inaki/pebble-dev/pebble-sdk-4.2-linux64/arm-cs-tools/bin/../lib/gcc/arm-none-eabi/4.7.2/thumb2/libgcc.a(_udivsi3.o)
 .data          0x0000000000004268        0x0 /home/inaki/pebble-dev/pebble-sdk-4.2-linux64/arm-cs-tools/bin/../lib/gcc/arm-none-eabi/4.7.2/thumb2/crtend.o
 .data          0x0000000000004268        0x0 /home/inaki/pebble-dev/pebble-sdk-4.2-linux64/arm-cs-tools/bin/../lib/gcc/arm-none-eabi/4.7.2/thumb2/crtn.o
 *(.data.*)
 .data.rel.ro.local.s_window_handlers.8340
                0x0000000000004268       0x10 src/simply/simply_menu.c.17.o
 .data.s_normal_palette
                0x0000000000004278        0x2 src/simply/simply_menu.c.17.o
 .data.s_inverted_palette
                0x000000000000427a        0x2 src/simply/simply_menu.c.17.o
 .data.rel.ro.implementation.8255
                0x000000000000427c       0x14 src/simply/simply_stage.c.17.o
 .data.rel.ro.local.s_window_handlers.8381
                0x0000000000004290       0x10 src/simply/simply_stage.c.17.o
 .data.rel.ro.local.s_window_handlers.8121
                0x00000000000042a0       0x10 src/simply/simply_ui.c.17.o
 .data.rel.ro.local.STYLES
                0x00000000000042b0       0x5f src/simply/simply_ui.c.17.o
 .data.s_button_palette
                0x000000000000430f        0x2 src/simply/simply_window.c.17.o
 .data.s_broadcast_window
                0x0000000000004311        0x1 src/simply/simply_window_stack.c.17.o

.igot.plt       0x0000000000004314        0x0
 .igot.plt      0x0000000000000000        0x0 /home/inaki/pebble-dev/pebble-sdk-4.2-linux64/arm-cs-tools/bin/../lib/gcc/arm-none-eabi/4.7.2/thumb2/crtbegin.o

.bss            0x0000000000004314      0x114
 *(.bss)
 *(.bss.*)
 .bss.s_accel   0x0000000000004314        0x4 src/simply/simply_accel.c.17.o
 .bss.s_provider.7897
                0x0000000000004318        0x4 src/simply/simply_menu.c.17.o
 .bss.s_has_communicated
                0x000000000000431c        0x1 src/simply/simply_msg.c.17.o
 *fill*         0x000000000000431d        0x3 
 .bss.s_msg     0x0000000000004320        0x4 src/simply/simply_msg.c.17.o
 .bss.time_text.8143
                0x0000000000004324      0x100 src/simply/simply_stage.c.17.o
 .bss.s_provider.7893
                0x0000000000004424        0x4 src/simply/simply_window.c.17.o

DISCARD
 libc.a(*)
 libm.a(*)
 libgcc.a(*)
 *(.eh_frame)
OUTPUT(/home/inaki/pebble-dev/pebbleProjets/zaragoza_public_transport/build/aplite/pebble-app.elf elf32-littlearm)

.ARM.attributes
                0x0000000000000000       0x27
 .ARM.attributes
                0x0000000000000000       0x19 /home/inaki/pebble-dev/pebble-sdk-4.2-linux64/arm-cs-tools/bin/../lib/gcc/arm-none-eabi/4.7.2/thumb2/crti.o
 .ARM.attributes
                0x0000000000000019       0x29 /home/inaki/pebble-dev/pebble-sdk-4.2-linux64/arm-cs-tools/bin/../lib/gcc/arm-none-eabi/4.7.2/thumb2/crtbegin.o
 .ARM.attributes
                0x0000000000000042       0x33 src/main.c.17.o
 .ARM.attributes
                0x0000000000000075       0x33 src/simply/simply.c.17.o
 .ARM.attributes
                0x00000000000000a8       0x33 src/simply/simply_accel.c.17.o
 .ARM.attributes
                0x00000000000000db       0x33 src/simply/simply_menu.c.17.o
 .ARM.attributes
                0x000000000000010e       0x33 src/simply/simply_msg.c.17.o
 .ARM.attributes
                0x0000000000000141       0x33 src/simply/simply_res.c.17.o
 .ARM.attributes
                0x0000000000000174       0x33 src/simply/simply_splash.c.17.o
 .ARM.attributes
                0x00000000000001a7       0x33 src/simply/simply_stage.c.17.o
 .ARM.attributes
                0x00000000000001da       0x33 src/simply/simply_ui.c.17.o
 .ARM.attributes
                0x000000000000020d       0x33 src/simply/simply_voice.c.17.o
 .ARM.attributes
                0x0000000000000240       0x33 src/simply/simply_wakeup.c.17.o
 .ARM.attributes
                0x0000000000000273       0x33 src/simply/simply_window.c.17.o
 .ARM.attributes
                0x00000000000002a6       0x33 src/simply/simply_window_stack.c.17.o
 .ARM.attributes
                0x00000000000002d9       0x33 aplite/appinfo.auto.c.17.o
 .ARM.attributes
                0x000000000000030c       0x21 /home/inaki/.pebble-sdk/SDKs/current/sdk-core/pebble/aplite/lib/libpebble.a(tmpsdXcKJpebble.o)
 .ARM.attributes
                0x000000000000032d       0x19 /home/inaki/pebble-dev/pebble-sdk-4.2-linux64/arm-cs-tools/bin/../lib/gcc/arm-none-eabi/4.7.2/thumb2/libgcc.a(_aeabi_ldivmod.o)
 .ARM.attributes
                0x0000000000000346       0x29 /home/inaki/pebble-dev/pebble-sdk-4.2-linux64/arm-cs-tools/bin/../lib/gcc/arm-none-eabi/4.7.2/thumb2/libgcc.a(bpabi.o)
 .ARM.attributes
                0x000000000000036f       0x19 /home/inaki/pebble-dev/pebble-sdk-4.2-linux64/arm-cs-tools/bin/../lib/gcc/arm-none-eabi/4.7.2/thumb2/libgcc.a(_dvmd_tls.o)
 .ARM.attributes
                0x0000000000000388       0x29 /home/inaki/pebble-dev/pebble-sdk-4.2-linux64/arm-cs-tools/bin/../lib/gcc/arm-none-eabi/4.7.2/thumb2/libgcc.a(_divdi3.o)
 .ARM.attributes
                0x00000000000003b1       0x29 /home/inaki/pebble-dev/pebble-sdk-4.2-linux64/arm-cs-tools/bin/../lib/gcc/arm-none-eabi/4.7.2/thumb2/libgcc.a(_udivdi3.o)
 .ARM.attributes
                0x00000000000003da       0x19 /home/inaki/pebble-dev/pebble-sdk-4.2-linux64/arm-cs-tools/bin/../lib/gcc/arm-none-eabi/4.7.2/thumb2/libgcc.a(_udivsi3.o)
 .ARM.attributes
                0x00000000000003f3       0x29 /home/inaki/pebble-dev/pebble-sdk-4.2-linux64/arm-cs-tools/bin/../lib/gcc/arm-none-eabi/4.7.2/thumb2/crtend.o
 .ARM.attributes
                0x000000000000041c       0x19 /home/inaki/pebble-dev/pebble-sdk-4.2-linux64/arm-cs-tools/bin/../lib/gcc/arm-none-eabi/4.7.2/thumb2/crtn.o

.comment        0x0000000000000000       0x4e
 .comment       0x0000000000000000       0x4e /home/inaki/pebble-dev/pebble-sdk-4.2-linux64/arm-cs-tools/bin/../lib/gcc/arm-none-eabi/4.7.2/thumb2/crtbegin.o
                                         0x4f (size before relaxing)
 .comment       0x0000000000000000       0x4f src/main.c.17.o
 .comment       0x0000000000000000       0x4f src/simply/simply.c.17.o
 .comment       0x0000000000000000       0x4f src/simply/simply_accel.c.17.o
 .comment       0x0000000000000000       0x4f src/simply/simply_menu.c.17.o
 .comment       0x0000000000000000       0x4f src/simply/simply_msg.c.17.o
 .comment       0x0000000000000000       0x4f src/simply/simply_res.c.17.o
 .comment       0x0000000000000000       0x4f src/simply/simply_splash.c.17.o
 .comment       0x0000000000000000       0x4f src/simply/simply_stage.c.17.o
 .comment       0x0000000000000000       0x4f src/simply/simply_ui.c.17.o
 .comment       0x0000000000000000       0x4f src/simply/simply_voice.c.17.o
 .comment       0x0000000000000000       0x4f src/simply/simply_wakeup.c.17.o
 .comment       0x0000000000000000       0x4f src/simply/simply_window.c.17.o
 .comment       0x0000000000000000       0x4f src/simply/simply_window_stack.c.17.o
 .comment       0x0000000000000000       0x4f aplite/appinfo.auto.c.17.o
 .comment       0x0000000000000000       0x4f /home/inaki/pebble-dev/pebble-sdk-4.2-linux64/arm-cs-tools/bin/../lib/gcc/arm-none-eabi/4.7.2/thumb2/libgcc.a(bpabi.o)
 .comment       0x0000000000000000       0x4f /home/inaki/pebble-dev/pebble-sdk-4.2-linux64/arm-cs-tools/bin/../lib/gcc/arm-none-eabi/4.7.2/thumb2/libgcc.a(_divdi3.o)
 .comment       0x0000000000000000       0x4f /home/inaki/pebble-dev/pebble-sdk-4.2-linux64/arm-cs-tools/bin/../lib/gcc/arm-none-eabi/4.7.2/thumb2/libgcc.a(_udivdi3.o)
 .comment       0x0000000000000000       0x4f /home/inaki/pebble-dev/pebble-sdk-4.2-linux64/arm-cs-tools/bin/../lib/gcc/arm-none-eabi/4.7.2/thumb2/crtend.o

.debug_info     0x0000000000000000    0x16141
 .debug_info    0x0000000000000000      0x256 src/main.c.17.o
 .debug_info    0x0000000000000256      0xcbc src/simply/simply.c.17.o
 .debug_info    0x0000000000000f12      0xd76 src/simply/simply_accel.c.17.o
 .debug_info    0x0000000000001c88     0x4191 src/simply/simply_menu.c.17.o
 .debug_info    0x0000000000005e19     0x2499 src/simply/simply_msg.c.17.o
 .debug_info    0x00000000000082b2     0x13d4 src/simply/simply_res.c.17.o
 .debug_info    0x0000000000009686      0x8f4 src/simply/simply_splash.c.17.o
 .debug_info    0x0000000000009f7a     0x45ab src/simply/simply_stage.c.17.o
 .debug_info    0x000000000000e525     0x26d0 src/simply/simply_ui.c.17.o
 .debug_info    0x0000000000010bf5       0x80 src/simply/simply_voice.c.17.o
 .debug_info    0x0000000000010c75      0xba1 src/simply/simply_wakeup.c.17.o
 .debug_info    0x0000000000011816     0x2548 src/simply/simply_window.c.17.o
 .debug_info    0x0000000000013d5e     0x104b src/simply/simply_window_stack.c.17.o
 .debug_info    0x0000000000014da9      0x325 aplite/appinfo.auto.c.17.o
 .debug_info    0x00000000000150ce       0xb2 /home/inaki/pebble-dev/pebble-sdk-4.2-linux64/arm-cs-tools/bin/../lib/gcc/arm-none-eabi/4.7.2/thumb2/libgcc.a(_aeabi_ldivmod.o)
 .debug_info    0x0000000000015180      0x174 /home/inaki/pebble-dev/pebble-sdk-4.2-linux64/arm-cs-tools/bin/../lib/gcc/arm-none-eabi/4.7.2/thumb2/libgcc.a(bpabi.o)
 .debug_info    0x00000000000152f4       0xb6 /home/inaki/pebble-dev/pebble-sdk-4.2-linux64/arm-cs-tools/bin/../lib/gcc/arm-none-eabi/4.7.2/thumb2/libgcc.a(_dvmd_tls.o)
 .debug_info    0x00000000000153aa      0x68f /home/inaki/pebble-dev/pebble-sdk-4.2-linux64/arm-cs-tools/bin/../lib/gcc/arm-none-eabi/4.7.2/thumb2/libgcc.a(_divdi3.o)
 .debug_info    0x0000000000015a39      0x652 /home/inaki/pebble-dev/pebble-sdk-4.2-linux64/arm-cs-tools/bin/../lib/gcc/arm-none-eabi/4.7.2/thumb2/libgcc.a(_udivdi3.o)
 .debug_info    0x000000000001608b       0xb6 /home/inaki/pebble-dev/pebble-sdk-4.2-linux64/arm-cs-tools/bin/../lib/gcc/arm-none-eabi/4.7.2/thumb2/libgcc.a(_udivsi3.o)

.debug_abbrev   0x0000000000000000     0x34bc
 .debug_abbrev  0x0000000000000000      0x14d src/main.c.17.o
 .debug_abbrev  0x000000000000014d      0x28b src/simply/simply.c.17.o
 .debug_abbrev  0x00000000000003d8      0x354 src/simply/simply_accel.c.17.o
 .debug_abbrev  0x000000000000072c      0x5e0 src/simply/simply_menu.c.17.o
 .debug_abbrev  0x0000000000000d0c      0x58d src/simply/simply_msg.c.17.o
 .debug_abbrev  0x0000000000001299      0x449 src/simply/simply_res.c.17.o
 .debug_abbrev  0x00000000000016e2      0x2ca src/simply/simply_splash.c.17.o
 .debug_abbrev  0x00000000000019ac      0x5a9 src/simply/simply_stage.c.17.o
 .debug_abbrev  0x0000000000001f55      0x542 src/simply/simply_ui.c.17.o
 .debug_abbrev  0x0000000000002497       0x26 src/simply/simply_voice.c.17.o
 .debug_abbrev  0x00000000000024bd      0x30b src/simply/simply_wakeup.c.17.o
 .debug_abbrev  0x00000000000027c8      0x4e5 src/simply/simply_window.c.17.o
 .debug_abbrev  0x0000000000002cad      0x3e2 src/simply/simply_window_stack.c.17.o
 .debug_abbrev  0x000000000000308f       0x9e aplite/appinfo.auto.c.17.o
 .debug_abbrev  0x000000000000312d       0x14 /home/inaki/pebble-dev/pebble-sdk-4.2-linux64/arm-cs-tools/bin/../lib/gcc/arm-none-eabi/4.7.2/thumb2/libgcc.a(_aeabi_ldivmod.o)
 .debug_abbrev  0x0000000000003141       0xb7 /home/inaki/pebble-dev/pebble-sdk-4.2-linux64/arm-cs-tools/bin/../lib/gcc/arm-none-eabi/4.7.2/thumb2/libgcc.a(bpabi.o)
 .debug_abbrev  0x00000000000031f8       0x14 /home/inaki/pebble-dev/pebble-sdk-4.2-linux64/arm-cs-tools/bin/../lib/gcc/arm-none-eabi/4.7.2/thumb2/libgcc.a(_dvmd_tls.o)
 .debug_abbrev  0x000000000000320c      0x151 /home/inaki/pebble-dev/pebble-sdk-4.2-linux64/arm-cs-tools/bin/../lib/gcc/arm-none-eabi/4.7.2/thumb2/libgcc.a(_divdi3.o)
 .debug_abbrev  0x000000000000335d      0x14b /home/inaki/pebble-dev/pebble-sdk-4.2-linux64/arm-cs-tools/bin/../lib/gcc/arm-none-eabi/4.7.2/thumb2/libgcc.a(_udivdi3.o)
 .debug_abbrev  0x00000000000034a8       0x14 /home/inaki/pebble-dev/pebble-sdk-4.2-linux64/arm-cs-tools/bin/../lib/gcc/arm-none-eabi/4.7.2/thumb2/libgcc.a(_udivsi3.o)

.debug_loc      0x0000000000000000     0x9ec2
 .debug_loc     0x0000000000000000       0x3e src/main.c.17.o
 .debug_loc     0x000000000000003e       0x7c src/simply/simply.c.17.o
 .debug_loc     0x00000000000000ba      0x4dc src/simply/simply_accel.c.17.o
 .debug_loc     0x0000000000000596     0x1dbc src/simply/simply_menu.c.17.o
 .debug_loc     0x0000000000002352      0xbc5 src/simply/simply_msg.c.17.o
 .debug_loc     0x0000000000002f17      0xccb src/simply/simply_res.c.17.o
 .debug_loc     0x0000000000003be2      0x1ec src/simply/simply_splash.c.17.o
 .debug_loc     0x0000000000003dce     0x1897 src/simply/simply_stage.c.17.o
 .debug_loc     0x0000000000005665     0x11aa src/simply/simply_ui.c.17.o
 .debug_loc     0x000000000000680f      0x340 src/simply/simply_wakeup.c.17.o
 .debug_loc     0x0000000000006b4f      0xdc6 src/simply/simply_window.c.17.o
 .debug_loc     0x0000000000007915      0x6aa src/simply/simply_window_stack.c.17.o
 .debug_loc     0x0000000000007fbf       0xe0 /home/inaki/pebble-dev/pebble-sdk-4.2-linux64/arm-cs-tools/bin/../lib/gcc/arm-none-eabi/4.7.2/thumb2/libgcc.a(bpabi.o)
 .debug_loc     0x000000000000809f      0xebd /home/inaki/pebble-dev/pebble-sdk-4.2-linux64/arm-cs-tools/bin/../lib/gcc/arm-none-eabi/4.7.2/thumb2/libgcc.a(_divdi3.o)
 .debug_loc     0x0000000000008f5c      0xf66 /home/inaki/pebble-dev/pebble-sdk-4.2-linux64/arm-cs-tools/bin/../lib/gcc/arm-none-eabi/4.7.2/thumb2/libgcc.a(_udivdi3.o)

.debug_aranges  0x0000000000000000      0x720
 .debug_aranges
                0x0000000000000000       0x20 src/main.c.17.o
 .debug_aranges
                0x0000000000000020       0x28 src/simply/simply.c.17.o
 .debug_aranges
                0x0000000000000048       0x50 src/simply/simply_accel.c.17.o
 .debug_aranges
                0x0000000000000098      0x130 src/simply/simply_menu.c.17.o
 .debug_aranges
                0x00000000000001c8       0x88 src/simply/simply_msg.c.17.o
 .debug_aranges
                0x0000000000000250       0xb0 src/simply/simply_res.c.17.o
 .debug_aranges
                0x0000000000000300       0x40 src/simply/simply_splash.c.17.o
 .debug_aranges
                0x0000000000000340       0xe0 src/simply/simply_stage.c.17.o
 .debug_aranges
                0x0000000000000420       0x98 src/simply/simply_ui.c.17.o
 .debug_aranges
                0x00000000000004b8       0x18 src/simply/simply_voice.c.17.o
 .debug_aranges
                0x00000000000004d0       0x38 src/simply/simply_wakeup.c.17.o
 .debug_aranges
                0x0000000000000508       0xd0 src/simply/simply_window.c.17.o
 .debug_aranges
                0x00000000000005d8       0x70 src/simply/simply_window_stack.c.17.o
 .debug_aranges
                0x0000000000000648       0x18 aplite/appinfo.auto.c.17.o
 .debug_aranges
                0x0000000000000660       0x20 /home/inaki/pebble-dev/pebble-sdk-4.2-linux64/arm-cs-tools/bin/../lib/gcc/arm-none-eabi/4.7.2/thumb2/libgcc.a(_aeabi_ldivmod.o)
 .debug_aranges
                0x0000000000000680       0x20 /home/inaki/pebble-dev/pebble-sdk-4.2-linux64/arm-cs-tools/bin/../lib/gcc/arm-none-eabi/4.7.2/thumb2/libgcc.a(bpabi.o)
 .debug_aranges
                0x00000000000006a0       0x20 /home/inaki/pebble-dev/pebble-sdk-4.2-linux64/arm-cs-tools/bin/../lib/gcc/arm-none-eabi/4.7.2/thumb2/libgcc.a(_dvmd_tls.o)
 .debug_aranges
                0x00000000000006c0       0x20 /home/inaki/pebble-dev/pebble-sdk-4.2-linux64/arm-cs-tools/bin/../lib/gcc/arm-none-eabi/4.7.2/thumb2/libgcc.a(_divdi3.o)
 .debug_aranges
                0x00000000000006e0       0x20 /home/inaki/pebble-dev/pebble-sdk-4.2-linux64/arm-cs-tools/bin/../lib/gcc/arm-none-eabi/4.7.2/thumb2/libgcc.a(_udivdi3.o)
 .debug_aranges
                0x0000000000000700       0x20 /home/inaki/pebble-dev/pebble-sdk-4.2-linux64/arm-cs-tools/bin/../lib/gcc/arm-none-eabi/4.7.2/thumb2/libgcc.a(_udivsi3.o)

.debug_ranges   0x0000000000000000     0x1378
 .debug_ranges  0x0000000000000000       0x10 src/main.c.17.o
 .debug_ranges  0x0000000000000010       0x18 src/simply/simply.c.17.o
 .debug_ranges  0x0000000000000028       0x88 src/simply/simply_accel.c.17.o
 .debug_ranges  0x00000000000000b0      0x360 src/simply/simply_menu.c.17.o
 .debug_ranges  0x0000000000000410      0x350 src/simply/simply_msg.c.17.o
 .debug_ranges  0x0000000000000760       0xe8 src/simply/simply_res.c.17.o
 .debug_ranges  0x0000000000000848       0x30 src/simply/simply_splash.c.17.o
 .debug_ranges  0x0000000000000878      0x450 src/simply/simply_stage.c.17.o
 .debug_ranges  0x0000000000000cc8      0x278 src/simply/simply_ui.c.17.o
 .debug_ranges  0x0000000000000f40       0x58 src/simply/simply_wakeup.c.17.o
 .debug_ranges  0x0000000000000f98      0x120 src/simply/simply_window.c.17.o
 .debug_ranges  0x00000000000010b8       0xc0 src/simply/simply_window_stack.c.17.o
 .debug_ranges  0x0000000000001178      0x108 /home/inaki/pebble-dev/pebble-sdk-4.2-linux64/arm-cs-tools/bin/../lib/gcc/arm-none-eabi/4.7.2/thumb2/libgcc.a(_divdi3.o)
 .debug_ranges  0x0000000000001280       0xf8 /home/inaki/pebble-dev/pebble-sdk-4.2-linux64/arm-cs-tools/bin/../lib/gcc/arm-none-eabi/4.7.2/thumb2/libgcc.a(_udivdi3.o)

.debug_line     0x0000000000000000     0x3c00
 .debug_line    0x0000000000000000       0xab src/main.c.17.o
 .debug_line    0x00000000000000ab      0x2f1 src/simply/simply.c.17.o
 .debug_line    0x000000000000039c      0x2ec src/simply/simply_accel.c.17.o
 .debug_line    0x0000000000000688      0x937 src/simply/simply_menu.c.17.o
 .debug_line    0x0000000000000fbf      0x53a src/simply/simply_msg.c.17.o
 .debug_line    0x00000000000014f9      0x4c1 src/simply/simply_res.c.17.o
 .debug_line    0x00000000000019ba      0x28f src/simply/simply_splash.c.17.o
 .debug_line    0x0000000000001c49      0x7e0 src/simply/simply_stage.c.17.o
 .debug_line    0x0000000000002429      0x65a src/simply/simply_ui.c.17.o
 .debug_line    0x0000000000002a83       0x1d src/simply/simply_voice.c.17.o
 .debug_line    0x0000000000002aa0      0x330 src/simply/simply_wakeup.c.17.o
 .debug_line    0x0000000000002dd0      0x5bc src/simply/simply_window.c.17.o
 .debug_line    0x000000000000338c      0x38d src/simply/simply_window_stack.c.17.o
 .debug_line    0x0000000000003719      0x141 aplite/appinfo.auto.c.17.o
 .debug_line    0x000000000000385a       0x71 /home/inaki/pebble-dev/pebble-sdk-4.2-linux64/arm-cs-tools/bin/../lib/gcc/arm-none-eabi/4.7.2/thumb2/libgcc.a(_aeabi_ldivmod.o)
 .debug_line    0x00000000000038cb       0x71 /home/inaki/pebble-dev/pebble-sdk-4.2-linux64/arm-cs-tools/bin/../lib/gcc/arm-none-eabi/4.7.2/thumb2/libgcc.a(bpabi.o)
 .debug_line    0x000000000000393c       0x6d /home/inaki/pebble-dev/pebble-sdk-4.2-linux64/arm-cs-tools/bin/../lib/gcc/arm-none-eabi/4.7.2/thumb2/libgcc.a(_dvmd_tls.o)
 .debug_line    0x00000000000039a9       0xef /home/inaki/pebble-dev/pebble-sdk-4.2-linux64/arm-cs-tools/bin/../lib/gcc/arm-none-eabi/4.7.2/thumb2/libgcc.a(_divdi3.o)
 .debug_line    0x0000000000003a98       0xd8 /home/inaki/pebble-dev/pebble-sdk-4.2-linux64/arm-cs-tools/bin/../lib/gcc/arm-none-eabi/4.7.2/thumb2/libgcc.a(_udivdi3.o)
 .debug_line    0x0000000000003b70       0x90 /home/inaki/pebble-dev/pebble-sdk-4.2-linux64/arm-cs-tools/bin/../lib/gcc/arm-none-eabi/4.7.2/thumb2/libgcc.a(_udivsi3.o)

.debug_str      0x0000000000000000     0x4f26
 .debug_str     0x0000000000000000      0x1ab src/main.c.17.o
                                        0x1ea (size before relaxing)
 .debug_str     0x00000000000001ab      0x4ec src/simply/simply.c.17.o
                                        0x77d (size before relaxing)
 .debug_str     0x0000000000000697      0x6e9 src/simply/simply_accel.c.17.o
                                        0xa2f (size before relaxing)
 .debug_str     0x0000000000000d80     0x130f src/simply/simply_menu.c.17.o
                                       0x1deb (size before relaxing)
 .debug_str     0x000000000000208f      0x826 src/simply/simply_msg.c.17.o
                                       0x1460 (size before relaxing)
 .debug_str     0x00000000000028b5      0x2fd src/simply/simply_res.c.17.o
                                        0x6ee (size before relaxing)
 .debug_str     0x0000000000002bb2      0x1d9 src/simply/simply_splash.c.17.o
                                        0x522 (size before relaxing)
 .debug_str     0x0000000000002d8b      0xe71 src/simply/simply_stage.c.17.o
                                       0x1ecf (size before relaxing)
 .debug_str     0x0000000000003bfc      0x44d src/simply/simply_ui.c.17.o
                                       0x16d2 (size before relaxing)
 .debug_str     0x0000000000004049       0x1d src/simply/simply_voice.c.17.o
                                        0x112 (size before relaxing)
 .debug_str     0x0000000000004066      0x25c src/simply/simply_wakeup.c.17.o
                                        0x9a4 (size before relaxing)
 .debug_str     0x00000000000042c2      0x7d1 src/simply/simply_window.c.17.o
                                       0x1578 (size before relaxing)
 .debug_str     0x0000000000004a93      0x19c src/simply/simply_window_stack.c.17.o
                                        0xb8e (size before relaxing)
 .debug_str     0x0000000000004c2f      0x157 aplite/appinfo.auto.c.17.o
                                        0x353 (size before relaxing)
 .debug_str     0x0000000000004d86       0xda /home/inaki/pebble-dev/pebble-sdk-4.2-linux64/arm-cs-tools/bin/../lib/gcc/arm-none-eabi/4.7.2/thumb2/libgcc.a(bpabi.o)
                                        0x10b (size before relaxing)
 .debug_str     0x0000000000004e60       0xc6 /home/inaki/pebble-dev/pebble-sdk-4.2-linux64/arm-cs-tools/bin/../lib/gcc/arm-none-eabi/4.7.2/thumb2/libgcc.a(_divdi3.o)
                                        0x1d8 (size before relaxing)
 .debug_str     0x0000000000000000      0x1d9 /home/inaki/pebble-dev/pebble-sdk-4.2-linux64/arm-cs-tools/bin/../lib/gcc/arm-none-eabi/4.7.2/thumb2/libgcc.a(_udivdi3.o)

.debug_frame    0x0000000000000000     0x1224
 .debug_frame   0x0000000000000000       0x28 src/main.c.17.o
 .debug_frame   0x0000000000000028       0x44 src/simply/simply.c.17.o
 .debug_frame   0x000000000000006c       0xd0 src/simply/simply_accel.c.17.o
 .debug_frame   0x000000000000013c      0x394 src/simply/simply_menu.c.17.o
 .debug_frame   0x00000000000004d0      0x178 src/simply/simply_msg.c.17.o
 .debug_frame   0x0000000000000648      0x1e8 src/simply/simply_res.c.17.o
 .debug_frame   0x0000000000000830       0x9c src/simply/simply_splash.c.17.o
 .debug_frame   0x00000000000008cc      0x2a8 src/simply/simply_stage.c.17.o
 .debug_frame   0x0000000000000b74      0x1b4 src/simply/simply_ui.c.17.o
 .debug_frame   0x0000000000000d28       0x7c src/simply/simply_wakeup.c.17.o
 .debug_frame   0x0000000000000da4      0x288 src/simply/simply_window.c.17.o
 .debug_frame   0x000000000000102c      0x114 src/simply/simply_window_stack.c.17.o
 .debug_frame   0x0000000000001140       0x54 /home/inaki/pebble-dev/pebble-sdk-4.2-linux64/arm-cs-tools/bin/../lib/gcc/arm-none-eabi/4.7.2/thumb2/libgcc.a(bpabi.o)
 .debug_frame   0x0000000000001194       0x38 /home/inaki/pebble-dev/pebble-sdk-4.2-linux64/arm-cs-tools/bin/../lib/gcc/arm-none-eabi/4.7.2/thumb2/libgcc.a(_divdi3.o)
 .debug_frame   0x00000000000011cc       0x38 /home/inaki/pebble-dev/pebble-sdk-4.2-linux64/arm-cs-tools/bin/../lib/gcc/arm-none-eabi/4.7.2/thumb2/libgcc.a(_udivdi3.o)
 .debug_frame   0x0000000000001204       0x20 /home/inaki/pebble-dev/pebble-sdk-4.2-linux64/arm-cs-tools/bin/../lib/gcc/arm-none-eabi/4.7.2/thumb2/libgcc.a(_udivsi3.o)